Arguments: 
  /usr/local/bin/node /usr/local/bin/yarn add @/types

PATH: 
  /opt/homebrew/bin:/opt/homebrew/bin:/opt/homebrew/sbin:/usr/local/bin:/usr/bin:/bin:/usr/sbin:/sbin

Yarn version: 
  1.21.1

Node version: 
  16.18.0

Platform: 
  darwin arm64

Trace: 
  Error: https://registry.yarnpkg.com/@%2ftypes: Not found
      at Request.params.callback [as _callback] (/usr/local/lib/node_modules/yarn/lib/cli.js:66947:18)
      at Request.self.callback (/usr/local/lib/node_modules/yarn/lib/cli.js:140665:22)
      at Request.emit (node:events:513:28)
      at Request.<anonymous> (/usr/local/lib/node_modules/yarn/lib/cli.js:141637:10)
      at Request.emit (node:events:513:28)
      at IncomingMessage.<anonymous> (/usr/local/lib/node_modules/yarn/lib/cli.js:141559:12)
      at Object.onceWrapper (node:events:627:28)
      at IncomingMessage.emit (node:events:525:35)
      at endReadableNT (node:internal/streams/readable:1358:12)
      at processTicksAndRejections (node:internal/process/task_queues:83:21)

npm manifest: 
  {
    "name": "designkit-fe",
    "npmClient": "yarn",
    "private": true,
    "version": "0.0.0",
    "type": "module",
    "scripts": {
      "local": "vite --mode localspring",
      "dev": "vite",
      "build:dev": "vite build --mode development",
      "build": "vite build",
      "preview": "vite preview"
    },
    "dependencies": {
      "@tiptap/extension-color": "^2.11.7",
      "@tiptap/extension-link": "^2.11.7",
      "@tiptap/extension-placeholder": "^2.11.7",
      "@tiptap/extension-subscript": "^2.11.7",
      "@tiptap/extension-superscript": "^2.11.7",
      "@tiptap/extension-text-align": "^2.11.7",
      "@tiptap/extension-underline": "^2.11.7",
      "@tiptap/pm": "^2.11.7",
      "@tiptap/starter-kit": "^2.11.7",
      "@tiptap/vue-3": "^2.11.7",
      "axios": "^1.8.4",
      "bootstrap-icons": "^1.11.3",
      "dayjs": "^1.11.13",
      "less": "^4.1.3",
      "lodash-es": "^4.17.21",
      "pinia": "^3.0.1",
      "qs": "^6.14.0",
      "simple-line-icons": "^2.5.5",
      "vue": "^3.5.13",
      "vue-draggable-plus": "^0.6.0",
      "vue-router": "^4.5.0"
    },
    "devDependencies": {
      "@types/lodash-es": "^4.17.12",
      "@types/node": "^22.13.14",
      "@types/qs": "^6.9.18",
      "@vitejs/plugin-vue": "^4.4.0",
      "@vue/tsconfig": "^0.7.0",
      "type-fest": "^4.38.0",
      "typescript": "~5.7.2",
      "vite": "^4.5.13",
      "vue-tsc": "^2.2.4"
    }
  }

yarn manifest: 
  No manifest

Lockfile: 
  # THIS IS AN AUTOGENERATED FILE. DO NOT EDIT THIS FILE DIRECTLY.
  # yarn lockfile v1
  
  
  "@babel/helper-string-parser@^7.25.9":
    version "7.25.9"
    resolved "https://registry.yarnpkg.com/@babel/helper-string-parser/-/helper-string-parser-7.25.9.tgz#1aabb72ee72ed35789b4bbcad3ca2862ce614e8c"
    integrity sha512-4A/SCr/2KLd5jrtOMFzaKjVtAei3+2r/NChoBNoZ3EyP/+GlhoaEGoWOZUmFmoITP7zOJyHIMm+DYRd8o3PvHA==
  
  "@babel/helper-validator-identifier@^7.25.9":
    version "7.25.9"
    resolved "https://registry.yarnpkg.com/@babel/helper-validator-identifier/-/helper-validator-identifier-7.25.9.tgz#24b64e2c3ec7cd3b3c547729b8d16871f22cbdc7"
    integrity sha512-Ed61U6XJc3CVRfkERJWDz4dJwKe7iLmmJsbOGu9wSloNSFttHV0I8g6UAgb7qnK5ly5bGLPd4oXZlxCdANBOWQ==
  
  "@babel/parser@^7.25.3":
    version "7.26.10"
    resolved "https://registry.yarnpkg.com/@babel/parser/-/parser-7.26.10.tgz#e9bdb82f14b97df6569b0b038edd436839c57749"
    integrity sha512-6aQR2zGE/QFi8JpDLjUZEPYOs7+mhKXm86VaKFiLP35JQwQb6bwUE+XbvkH0EptsYhbNBSUGaUBLKqxH1xSgsA==
    dependencies:
      "@babel/types" "^7.26.10"
  
  "@babel/types@^7.26.10":
    version "7.26.10"
    resolved "https://registry.yarnpkg.com/@babel/types/-/types-7.26.10.tgz#396382f6335bd4feb65741eacfc808218f859259"
    integrity sha512-emqcG3vHrpxUKTrxcblR36dcrcoRDvKmnL/dCL6ZsHaShW80qxCAcNhzQZrpeM765VzEos+xOi4s+r4IXzTwdQ==
    dependencies:
      "@babel/helper-string-parser" "^7.25.9"
      "@babel/helper-validator-identifier" "^7.25.9"
  
  "@esbuild/android-arm64@0.18.20":
    version "0.18.20"
    resolved "https://registry.yarnpkg.com/@esbuild/android-arm64/-/android-arm64-0.18.20.tgz#984b4f9c8d0377443cc2dfcef266d02244593622"
    integrity sha512-Nz4rJcchGDtENV0eMKUNa6L12zz2zBDXuhj/Vjh18zGqB44Bi7MBMSXjgunJgjRhCmKOjnPuZp4Mb6OKqtMHLQ==
  
  "@esbuild/android-arm@0.18.20":
    version "0.18.20"
    resolved "https://registry.yarnpkg.com/@esbuild/android-arm/-/android-arm-0.18.20.tgz#fedb265bc3a589c84cc11f810804f234947c3682"
    integrity sha512-fyi7TDI/ijKKNZTUJAQqiG5T7YjJXgnzkURqmGj13C6dCqckZBLdl4h7bkhHt/t0WP+zO9/zwroDvANaOqO5Sw==
  
  "@esbuild/android-x64@0.18.20":
    version "0.18.20"
    resolved "https://registry.yarnpkg.com/@esbuild/android-x64/-/android-x64-0.18.20.tgz#35cf419c4cfc8babe8893d296cd990e9e9f756f2"
    integrity sha512-8GDdlePJA8D6zlZYJV/jnrRAi6rOiNaCC/JclcXpB+KIuvfBN4owLtgzY2bsxnx666XjJx2kDPUmnTtR8qKQUg==
  
  "@esbuild/darwin-arm64@0.18.20":
    version "0.18.20"
    resolved "https://registry.yarnpkg.com/@esbuild/darwin-arm64/-/darwin-arm64-0.18.20.tgz#08172cbeccf95fbc383399a7f39cfbddaeb0d7c1"
    integrity sha512-bxRHW5kHU38zS2lPTPOyuyTm+S+eobPUnTNkdJEfAddYgEcll4xkT8DB9d2008DtTbl7uJag2HuE5NZAZgnNEA==
  
  "@esbuild/darwin-x64@0.18.20":
    version "0.18.20"
    resolved "https://registry.yarnpkg.com/@esbuild/darwin-x64/-/darwin-x64-0.18.20.tgz#d70d5790d8bf475556b67d0f8b7c5bdff053d85d"
    integrity sha512-pc5gxlMDxzm513qPGbCbDukOdsGtKhfxD1zJKXjCCcU7ju50O7MeAZ8c4krSJcOIJGFR+qx21yMMVYwiQvyTyQ==
  
  "@esbuild/freebsd-arm64@0.18.20":
    version "0.18.20"
    resolved "https://registry.yarnpkg.com/@esbuild/freebsd-arm64/-/freebsd-arm64-0.18.20.tgz#98755cd12707f93f210e2494d6a4b51b96977f54"
    integrity sha512-yqDQHy4QHevpMAaxhhIwYPMv1NECwOvIpGCZkECn8w2WFHXjEwrBn3CeNIYsibZ/iZEUemj++M26W3cNR5h+Tw==
  
  "@esbuild/freebsd-x64@0.18.20":
    version "0.18.20"
    resolved "https://registry.yarnpkg.com/@esbuild/freebsd-x64/-/freebsd-x64-0.18.20.tgz#c1eb2bff03915f87c29cece4c1a7fa1f423b066e"
    integrity sha512-tgWRPPuQsd3RmBZwarGVHZQvtzfEBOreNuxEMKFcd5DaDn2PbBxfwLcj4+aenoh7ctXcbXmOQIn8HI6mCSw5MQ==
  
  "@esbuild/linux-arm64@0.18.20":
    version "0.18.20"
    resolved "https://registry.yarnpkg.com/@esbuild/linux-arm64/-/linux-arm64-0.18.20.tgz#bad4238bd8f4fc25b5a021280c770ab5fc3a02a0"
    integrity sha512-2YbscF+UL7SQAVIpnWvYwM+3LskyDmPhe31pE7/aoTMFKKzIc9lLbyGUpmmb8a8AixOL61sQ/mFh3jEjHYFvdA==
  
  "@esbuild/linux-arm@0.18.20":
    version "0.18.20"
    resolved "https://registry.yarnpkg.com/@esbuild/linux-arm/-/linux-arm-0.18.20.tgz#3e617c61f33508a27150ee417543c8ab5acc73b0"
    integrity sha512-/5bHkMWnq1EgKr1V+Ybz3s1hWXok7mDFUMQ4cG10AfW3wL02PSZi5kFpYKrptDsgb2WAJIvRcDm+qIvXf/apvg==
  
  "@esbuild/linux-ia32@0.18.20":
    version "0.18.20"
    resolved "https://registry.yarnpkg.com/@esbuild/linux-ia32/-/linux-ia32-0.18.20.tgz#699391cccba9aee6019b7f9892eb99219f1570a7"
    integrity sha512-P4etWwq6IsReT0E1KHU40bOnzMHoH73aXp96Fs8TIT6z9Hu8G6+0SHSw9i2isWrD2nbx2qo5yUqACgdfVGx7TA==
  
  "@esbuild/linux-loong64@0.18.20":
    version "0.18.20"
    resolved "https://registry.yarnpkg.com/@esbuild/linux-loong64/-/linux-loong64-0.18.20.tgz#e6fccb7aac178dd2ffb9860465ac89d7f23b977d"
    integrity sha512-nXW8nqBTrOpDLPgPY9uV+/1DjxoQ7DoB2N8eocyq8I9XuqJ7BiAMDMf9n1xZM9TgW0J8zrquIb/A7s3BJv7rjg==
  
  "@esbuild/linux-mips64el@0.18.20":
    version "0.18.20"
    resolved "https://registry.yarnpkg.com/@esbuild/linux-mips64el/-/linux-mips64el-0.18.20.tgz#eeff3a937de9c2310de30622a957ad1bd9183231"
    integrity sha512-d5NeaXZcHp8PzYy5VnXV3VSd2D328Zb+9dEq5HE6bw6+N86JVPExrA6O68OPwobntbNJ0pzCpUFZTo3w0GyetQ==
  
  "@esbuild/linux-ppc64@0.18.20":
    version "0.18.20"
    resolved "https://registry.yarnpkg.com/@esbuild/linux-ppc64/-/linux-ppc64-0.18.20.tgz#2f7156bde20b01527993e6881435ad79ba9599fb"
    integrity sha512-WHPyeScRNcmANnLQkq6AfyXRFr5D6N2sKgkFo2FqguP44Nw2eyDlbTdZwd9GYk98DZG9QItIiTlFLHJHjxP3FA==
  
  "@esbuild/linux-riscv64@0.18.20":
    version "0.18.20"
    resolved "https://registry.yarnpkg.com/@esbuild/linux-riscv64/-/linux-riscv64-0.18.20.tgz#6628389f210123d8b4743045af8caa7d4ddfc7a6"
    integrity sha512-WSxo6h5ecI5XH34KC7w5veNnKkju3zBRLEQNY7mv5mtBmrP/MjNBCAlsM2u5hDBlS3NGcTQpoBvRzqBcRtpq1A==
  
  "@esbuild/linux-s390x@0.18.20":
    version "0.18.20"
    resolved "https://registry.yarnpkg.com/@esbuild/linux-s390x/-/linux-s390x-0.18.20.tgz#255e81fb289b101026131858ab99fba63dcf0071"
    integrity sha512-+8231GMs3mAEth6Ja1iK0a1sQ3ohfcpzpRLH8uuc5/KVDFneH6jtAJLFGafpzpMRO6DzJ6AvXKze9LfFMrIHVQ==
  
  "@esbuild/linux-x64@0.18.20":
    version "0.18.20"
    resolved "https://registry.yarnpkg.com/@esbuild/linux-x64/-/linux-x64-0.18.20.tgz#c7690b3417af318a9b6f96df3031a8865176d338"
    integrity sha512-UYqiqemphJcNsFEskc73jQ7B9jgwjWrSayxawS6UVFZGWrAAtkzjxSqnoclCXxWtfwLdzU+vTpcNYhpn43uP1w==
  
  "@esbuild/netbsd-x64@0.18.20":
    version "0.18.20"
    resolved "https://registry.yarnpkg.com/@esbuild/netbsd-x64/-/netbsd-x64-0.18.20.tgz#30e8cd8a3dded63975e2df2438ca109601ebe0d1"
    integrity sha512-iO1c++VP6xUBUmltHZoMtCUdPlnPGdBom6IrO4gyKPFFVBKioIImVooR5I83nTew5UOYrk3gIJhbZh8X44y06A==
  
  "@esbuild/openbsd-x64@0.18.20":
    version "0.18.20"
    resolved "https://registry.yarnpkg.com/@esbuild/openbsd-x64/-/openbsd-x64-0.18.20.tgz#7812af31b205055874c8082ea9cf9ab0da6217ae"
    integrity sha512-e5e4YSsuQfX4cxcygw/UCPIEP6wbIL+se3sxPdCiMbFLBWu0eiZOJ7WoD+ptCLrmjZBK1Wk7I6D/I3NglUGOxg==
  
  "@esbuild/sunos-x64@0.18.20":
    version "0.18.20"
    resolved "https://registry.yarnpkg.com/@esbuild/sunos-x64/-/sunos-x64-0.18.20.tgz#d5c275c3b4e73c9b0ecd38d1ca62c020f887ab9d"
    integrity sha512-kDbFRFp0YpTQVVrqUd5FTYmWo45zGaXe0X8E1G/LKFC0v8x0vWrhOWSLITcCn63lmZIxfOMXtCfti/RxN/0wnQ==
  
  "@esbuild/win32-arm64@0.18.20":
    version "0.18.20"
    resolved "https://registry.yarnpkg.com/@esbuild/win32-arm64/-/win32-arm64-0.18.20.tgz#73bc7f5a9f8a77805f357fab97f290d0e4820ac9"
    integrity sha512-ddYFR6ItYgoaq4v4JmQQaAI5s7npztfV4Ag6NrhiaW0RrnOXqBkgwZLofVTlq1daVTQNhtI5oieTvkRPfZrePg==
  
  "@esbuild/win32-ia32@0.18.20":
    version "0.18.20"
    resolved "https://registry.yarnpkg.com/@esbuild/win32-ia32/-/win32-ia32-0.18.20.tgz#ec93cbf0ef1085cc12e71e0d661d20569ff42102"
    integrity sha512-Wv7QBi3ID/rROT08SABTS7eV4hX26sVduqDOTe1MvGMjNd3EjOz4b7zeexIR62GTIEKrfJXKL9LFxTYgkyeu7g==
  
  "@esbuild/win32-x64@0.18.20":
    version "0.18.20"
    resolved "https://registry.yarnpkg.com/@esbuild/win32-x64/-/win32-x64-0.18.20.tgz#786c5f41f043b07afb1af37683d7c33668858f6d"
    integrity sha512-kTdfRcSiDfQca/y9QIkng02avJ+NCaQvrMejlsB3RRv5sE9rRoeBPISaZpKxHELzRxZyLvNts1P27W3wV+8geQ==
  
  "@jridgewell/sourcemap-codec@^1.5.0":
    version "1.5.0"
    resolved "https://registry.yarnpkg.com/@jridgewell/sourcemap-codec/-/sourcemap-codec-1.5.0.tgz#3188bcb273a414b0d215fd22a58540b989b9409a"
    integrity sha512-gv3ZRaISU3fjPAgNsriBRqGWQL6quFx04YMPW/zD8XMLsU32mhCCbfbO6KZFLjvYpCZ8zyDEgqsgf+PwPaM7GQ==
  
  "@popperjs/core@^2.9.0":
    version "2.11.8"
    resolved "https://registry.yarnpkg.com/@popperjs/core/-/core-2.11.8.tgz#6b79032e760a0899cd4204710beede972a3a185f"
    integrity sha512-P1st0aksCrn9sGZhp8GMYwBnQsbvAWsZAX44oXNNvLHGqAOcoVxmjZiohstwQ7SqKnbR47akdNi+uleWD8+g6A==
  
  "@remirror/core-constants@3.0.0":
    version "3.0.0"
    resolved "https://registry.yarnpkg.com/@remirror/core-constants/-/core-constants-3.0.0.tgz#96fdb89d25c62e7b6a5d08caf0ce5114370e3b8f"
    integrity sha512-42aWfPrimMfDKDi4YegyS7x+/0tlzaqwPQCULLanv3DMIlu96KTJR0fM5isWX2UViOqlGnX6YFgqWepcX+XMNg==
  
  "@tiptap/core@^2.11.7":
    version "2.11.7"
    resolved "https://registry.yarnpkg.com/@tiptap/core/-/core-2.11.7.tgz#38600a7dabc42ea84e8dfb7a74c19df10db95d14"
    integrity sha512-zN+NFFxLsxNEL8Qioc+DL6b8+Tt2bmRbXH22Gk6F6nD30x83eaUSFlSv3wqvgyCq3I1i1NO394So+Agmayx6rQ==
  
  "@tiptap/extension-blockquote@^2.11.7":
    version "2.11.7"
    resolved "https://registry.yarnpkg.com/@tiptap/extension-blockquote/-/extension-blockquote-2.11.7.tgz#ccbabedd2e19581424730613f00e971b527198ee"
    integrity sha512-liD8kWowl3CcYCG9JQlVx1eSNc/aHlt6JpVsuWvzq6J8APWX693i3+zFqyK2eCDn0k+vW62muhSBe3u09hA3Zw==
  
  "@tiptap/extension-bold@^2.11.7":
    version "2.11.7"
    resolved "https://registry.yarnpkg.com/@tiptap/extension-bold/-/extension-bold-2.11.7.tgz#de45d9ab47b7342d83bb38823e57d1d4de3f3ae0"
    integrity sha512-VTR3JlldBixXbjpLTFme/Bxf1xeUgZZY3LTlt5JDlCW3CxO7k05CIa+kEZ8LXpog5annytZDUVtWqxrNjmsuHQ==
  
  "@tiptap/extension-bubble-menu@^2.11.7":
    version "2.11.7"
    resolved "https://registry.yarnpkg.com/@tiptap/extension-bubble-menu/-/extension-bubble-menu-2.11.7.tgz#12f4d10e340cbd32f3319bda18d2518aa92fd02e"
    integrity sha512-0vYqSUSSap3kk3/VT4tFE1/6StX70I3/NKQ4J68ZSFgkgyB3ZVlYv7/dY3AkEukjsEp3yN7m8Gw8ei2eEwyzwg==
    dependencies:
      tippy.js "^6.3.7"
  
  "@tiptap/extension-bullet-list@^2.11.7":
    version "2.11.7"
    resolved "https://registry.yarnpkg.com/@tiptap/extension-bullet-list/-/extension-bullet-list-2.11.7.tgz#33d965074108ea8dd1ba558b525bb25e12e54876"
    integrity sha512-WbPogE2/Q3e3/QYgbT1Sj4KQUfGAJNc5pvb7GrUbvRQsAh7HhtuO8hqdDwH8dEdD/cNUehgt17TO7u8qV6qeBw==
  
  "@tiptap/extension-code-block@^2.11.7":
    version "2.11.7"
    resolved "https://registry.yarnpkg.com/@tiptap/extension-code-block/-/extension-code-block-2.11.7.tgz#1aaaadd231317a0e1277aa987854a077cb83f0f7"
    integrity sha512-To/y/2H04VWqiANy53aXjV7S6fA86c2759RsH1hTIe57jA1KyE7I5tlAofljOLZK/covkGmPeBddSPHGJbz++Q==
  
  "@tiptap/extension-code@^2.11.7":
    version "2.11.7"
    resolved "https://registry.yarnpkg.com/@tiptap/extension-code/-/extension-code-2.11.7.tgz#d9cb080992080d3a576482d8beee280d29d8a9df"
    integrity sha512-VpPO1Uy/eF4hYOpohS/yMOcE1C07xmMj0/D989D9aS1x95jWwUVrSkwC+PlWMUBx9PbY2NRsg1ZDwVvlNKZ6yQ==
  
  "@tiptap/extension-color@^2.11.7":
    version "2.11.7"
    resolved "https://registry.yarnpkg.com/@tiptap/extension-color/-/extension-color-2.11.7.tgz#c5222456d2f017391707fe86d4f7f811faa60968"
    integrity sha512-2CWb0Qnh8Crf9OwnnWB+M1QJtWrbn6IMSwuOzk+tSzdWSazjN8h6XAZVemr0qMdAA/SyUigzorStiPxN6o3/vQ==
  
  "@tiptap/extension-document@^2.11.7":
    version "2.11.7"
    resolved "https://registry.yarnpkg.com/@tiptap/extension-document/-/extension-document-2.11.7.tgz#07e3fcf42069fda02b63758b2f236822a7a14acc"
    integrity sha512-95ouJXPjdAm9+VBRgFo4lhDoMcHovyl/awORDI8gyEn0Rdglt+ZRZYoySFzbVzer9h0cre+QdIwr9AIzFFbfdA==
  
  "@tiptap/extension-dropcursor@^2.11.7":
    version "2.11.7"
    resolved "https://registry.yarnpkg.com/@tiptap/extension-dropcursor/-/extension-dropcursor-2.11.7.tgz#389229b91ccce4d8ab2139acd9dafadbfedac7c0"
    integrity sha512-63mL+nxQILizsr5NbmgDeOjFEWi34BLt7evwL6UUZEVM15K8V1G8pD9Y0kCXrZYpHWz0tqFRXdrhDz0Ppu8oVw==
  
  "@tiptap/extension-floating-menu@^2.11.7":
    version "2.11.7"
    resolved "https://registry.yarnpkg.com/@tiptap/extension-floating-menu/-/extension-floating-menu-2.11.7.tgz#cf674103730391dabd947c05c38f4e4b73d59842"
    integrity sha512-DG54WoUu2vxHRVzKZiR5I5RMOYj45IlxQMkBAx1wjS0ch41W8DUYEeipvMMjCeKtEI+emz03xYUcOAP9LRmg+w==
    dependencies:
      tippy.js "^6.3.7"
  
  "@tiptap/extension-gapcursor@^2.11.7":
    version "2.11.7"
    resolved "https://registry.yarnpkg.com/@tiptap/extension-gapcursor/-/extension-gapcursor-2.11.7.tgz#82110b499ba7ae9a76cd57f42d535af3989abd98"
    integrity sha512-EceesmPG7FyjXZ8EgeJPUov9G1mAf2AwdypxBNH275g6xd5dmU/KvjoFZjmQ0X1ve7mS+wNupVlGxAEUYoveew==
  
  "@tiptap/extension-hard-break@^2.11.7":
    version "2.11.7"
    resolved "https://registry.yarnpkg.com/@tiptap/extension-hard-break/-/extension-hard-break-2.11.7.tgz#6344893e9ac938684cecabad4ea037cc729f6cd7"
    integrity sha512-zTkZSA6q+F5sLOdCkiC2+RqJQN0zdsJqvFIOVFL/IDVOnq6PZO5THzwRRLvOSnJJl3edRQCl/hUgS0L5sTInGQ==
  
  "@tiptap/extension-heading@^2.11.7":
    version "2.11.7"
    resolved "https://registry.yarnpkg.com/@tiptap/extension-heading/-/extension-heading-2.11.7.tgz#0e29db2a5dcd3456c7ab1a40817b56b926a073ec"
    integrity sha512-8kWh7y4Rd2fwxfWOhFFWncHdkDkMC1Z60yzIZWjIu72+6yQxvo8w3yeb7LI7jER4kffbMmadgcfhCHC/fkObBA==
  
  "@tiptap/extension-history@^2.11.7":
    version "2.11.7"
    resolved "https://registry.yarnpkg.com/@tiptap/extension-history/-/extension-history-2.11.7.tgz#428d3a4e11f1c261ec34b68c2d3d84f1377ed81e"
    integrity sha512-Cu5x3aS13I040QSRoLdd+w09G4OCVfU+azpUqxufZxeNs9BIJC+0jowPLeOxKDh6D5GGT2A8sQtxc6a/ssbs8g==
  
  "@tiptap/extension-horizontal-rule@^2.11.7":
    version "2.11.7"
    resolved "https://registry.yarnpkg.com/@tiptap/extension-horizontal-rule/-/extension-horizontal-rule-2.11.7.tgz#36e33184064f844aeb3950011c346643926e682b"
    integrity sha512-uVmQwD2dzZ5xwmvUlciy0ItxOdOfQjH6VLmu80zyJf8Yu7mvwP8JyxoXUX0vd1xHpwAhgQ9/ozjIWYGIw79DPQ==
  
  "@tiptap/extension-italic@^2.11.7":
    version "2.11.7"
    resolved "https://registry.yarnpkg.com/@tiptap/extension-italic/-/extension-italic-2.11.7.tgz#f3830c6ec8c7a12e20c64f9b7f100eff1a5382d9"
    integrity sha512-r985bkQfG0HMpmCU0X0p/Xe7U1qgRm2mxvcp6iPCuts2FqxaCoyfNZ8YnMsgVK1mRhM7+CQ5SEg2NOmQNtHvPw==
  
  "@tiptap/extension-link@^2.11.7":
    version "2.11.7"
    resolved "https://registry.yarnpkg.com/@tiptap/extension-link/-/extension-link-2.11.7.tgz#315588c536a7effe0fa2470c458a9734021a0b88"
    integrity sha512-qKIowE73aAUrnQCIifYP34xXOHOsZw46cT/LBDlb0T60knVfQoKVE4ku08fJzAV+s6zqgsaaZ4HVOXkQYLoW7g==
    dependencies:
      linkifyjs "^4.2.0"
  
  "@tiptap/extension-list-item@^2.11.7":
    version "2.11.7"
    resolved "https://registry.yarnpkg.com/@tiptap/extension-list-item/-/extension-list-item-2.11.7.tgz#06d9ea69dadaa09d260cfde81d5c77b56d8b0937"
    integrity sha512-6ikh7Y+qAbkSuIHXPIINqfzmWs5uIGrylihdZ9adaIyvrN1KSnWIqrZIk/NcZTg5YFIJlXrnGSRSjb/QM3WUhw==
  
  "@tiptap/extension-ordered-list@^2.11.7":
    version "2.11.7"
    resolved "https://registry.yarnpkg.com/@tiptap/extension-ordered-list/-/extension-ordered-list-2.11.7.tgz#3310176a22ed6010b646ccf9c4fe6c25d05553dc"
    integrity sha512-bLGCHDMB0vbJk7uu8bRg8vES3GsvxkX7Cgjgm/6xysHFbK98y0asDtNxkW1VvuRreNGz4tyB6vkcVCfrxl4jKw==
  
  "@tiptap/extension-paragraph@^2.11.7":
    version "2.11.7"
    resolved "https://registry.yarnpkg.com/@tiptap/extension-paragraph/-/extension-paragraph-2.11.7.tgz#de7fba01ebd35bddf4d6225fff708eb223276bc5"
    integrity sha512-Pl3B4q6DJqTvvAdraqZaNP9Hh0UWEHL5nNdxhaRNuhKaUo7lq8wbDSIxIW3lvV0lyCs0NfyunkUvSm1CXb6d4Q==
  
  "@tiptap/extension-placeholder@^2.11.7":
    version "2.11.7"
    resolved "https://registry.yarnpkg.com/@tiptap/extension-placeholder/-/extension-placeholder-2.11.7.tgz#285de89b0dd49e3f624ac7818c0d7fb4cb0760ac"
    integrity sha512-/06zXV4HIjYoiaUq1fVJo/RcU8pHbzx21evOpeG/foCfNpMI4xLU/vnxdUi6/SQqpZMY0eFutDqod1InkSOqsg==
  
  "@tiptap/extension-strike@^2.11.7":
    version "2.11.7"
    resolved "https://registry.yarnpkg.com/@tiptap/extension-strike/-/extension-strike-2.11.7.tgz#311b55f06bb3d1f93c02b809844cc8d27d110422"
    integrity sha512-D6GYiW9F24bvAY7XMOARNZbC8YGPzdzWdXd8VOOJABhf4ynMi/oW4NNiko+kZ67jn3EGaKoz32VMJzNQgYi1HA==
  
  "@tiptap/extension-subscript@^2.11.7":
    version "2.11.7"
    resolved "https://registry.yarnpkg.com/@tiptap/extension-subscript/-/extension-subscript-2.11.7.tgz#ec9fc2c61ab98c13f5263598563fb46f8ebf29bf"
    integrity sha512-I25ZexCddFJ9701DCCtQbX3Vtxzj5d9ss2GAXVweIUCdATCScaebsznyUQoN5papmhTxXsw5OD+K2ZHxP82pew==
  
  "@tiptap/extension-superscript@^2.11.7":
    version "2.11.7"
    resolved "https://registry.yarnpkg.com/@tiptap/extension-superscript/-/extension-superscript-2.11.7.tgz#4ad097717c590172a97187311e294087e628f36a"
    integrity sha512-dNRpCcRJs0Qvv0sZRgbH7Y5hDVbWsGSZjtwFCs/mysPrvHqmXjzo7568kYWTggxEYxnXw6n0FfkCAEHlt0N90Q==
  
  "@tiptap/extension-text-align@^2.11.7":
    version "2.11.7"
    resolved "https://registry.yarnpkg.com/@tiptap/extension-text-align/-/extension-text-align-2.11.7.tgz#a8e7058eae4f31b1741c615c383946fad377e7cd"
    integrity sha512-3M8zd9ROADXazVNpgR6Ejs1evSvBveN36qN4GgV71GqrNlTcjqYgQcXFLQrsd2hnE+aXir8/8bLJ+aaJXDninA==
  
  "@tiptap/extension-text-style@^2.11.7":
    version "2.11.7"
    resolved "https://registry.yarnpkg.com/@tiptap/extension-text-style/-/extension-text-style-2.11.7.tgz#1af9c23ed6154680eac1c0621d1112764c3fafb9"
    integrity sha512-LHO6DBg/9SkCQFdWlVfw9nolUmw+Cid94WkTY+7IwrpyG2+ZGQxnKpCJCKyeaFNbDoYAtvu0vuTsSXeCkgShcA==
  
  "@tiptap/extension-text@^2.11.7":
    version "2.11.7"
    resolved "https://registry.yarnpkg.com/@tiptap/extension-text/-/extension-text-2.11.7.tgz#bbd32763a5db1e6c0ad4239233a9f86e27d15179"
    integrity sha512-wObCn8qZkIFnXTLvBP+X8KgaEvTap/FJ/i4hBMfHBCKPGDx99KiJU6VIbDXG8d5ZcFZE0tOetK1pP5oI7qgMlQ==
  
  "@tiptap/extension-underline@^2.11.7":
    version "2.11.7"
    resolved "https://registry.yarnpkg.com/@tiptap/extension-underline/-/extension-underline-2.11.7.tgz#8354a700d8f2be6ffe862b818f621bf25d1a17a3"
    integrity sha512-NtoQw6PGijOAtXC6G+0Aq0/Z5wwEjPhNHs8nsjXogfWIgaj/aI4/zfBnA06eI3WT+emMYQTl0fTc4CUPnLVU8g==
  
  "@tiptap/pm@^2.11.7":
    version "2.11.7"
    resolved "https://registry.yarnpkg.com/@tiptap/pm/-/pm-2.11.7.tgz#34e1dbe1f27ea978bc740c9144ae8195948609e3"
    integrity sha512-7gEEfz2Q6bYKXM07vzLUD0vqXFhC5geWRA6LCozTiLdVFDdHWiBrvb2rtkL5T7mfLq03zc1QhH7rI3F6VntOEA==
    dependencies:
      prosemirror-changeset "^2.2.1"
      prosemirror-collab "^1.3.1"
      prosemirror-commands "^1.6.2"
      prosemirror-dropcursor "^1.8.1"
      prosemirror-gapcursor "^1.3.2"
      prosemirror-history "^1.4.1"
      prosemirror-inputrules "^1.4.0"
      prosemirror-keymap "^1.2.2"
      prosemirror-markdown "^1.13.1"
      prosemirror-menu "^1.2.4"
      prosemirror-model "^1.23.0"
      prosemirror-schema-basic "^1.2.3"
      prosemirror-schema-list "^1.4.1"
      prosemirror-state "^1.4.3"
      prosemirror-tables "^1.6.4"
      prosemirror-trailing-node "^3.0.0"
      prosemirror-transform "^1.10.2"
      prosemirror-view "^1.37.0"
  
  "@tiptap/starter-kit@^2.11.7":
    version "2.11.7"
    resolved "https://registry.yarnpkg.com/@tiptap/starter-kit/-/starter-kit-2.11.7.tgz#fd7f2c0021d5cd913afe289eb211b196cf509caf"
    integrity sha512-K+q51KwNU/l0kqRuV5e1824yOLVftj6kGplGQLvJG56P7Rb2dPbM/JeaDbxQhnHT/KDGamG0s0Po0M3pPY163A==
    dependencies:
      "@tiptap/core" "^2.11.7"
      "@tiptap/extension-blockquote" "^2.11.7"
      "@tiptap/extension-bold" "^2.11.7"
      "@tiptap/extension-bullet-list" "^2.11.7"
      "@tiptap/extension-code" "^2.11.7"
      "@tiptap/extension-code-block" "^2.11.7"
      "@tiptap/extension-document" "^2.11.7"
      "@tiptap/extension-dropcursor" "^2.11.7"
      "@tiptap/extension-gapcursor" "^2.11.7"
      "@tiptap/extension-hard-break" "^2.11.7"
      "@tiptap/extension-heading" "^2.11.7"
      "@tiptap/extension-history" "^2.11.7"
      "@tiptap/extension-horizontal-rule" "^2.11.7"
      "@tiptap/extension-italic" "^2.11.7"
      "@tiptap/extension-list-item" "^2.11.7"
      "@tiptap/extension-ordered-list" "^2.11.7"
      "@tiptap/extension-paragraph" "^2.11.7"
      "@tiptap/extension-strike" "^2.11.7"
      "@tiptap/extension-text" "^2.11.7"
      "@tiptap/extension-text-style" "^2.11.7"
      "@tiptap/pm" "^2.11.7"
  
  "@tiptap/vue-3@^2.11.7":
    version "2.11.7"
    resolved "https://registry.yarnpkg.com/@tiptap/vue-3/-/vue-3-2.11.7.tgz#b5d3293ce5621876a38e1e22b7403f265a4e508a"
    integrity sha512-P4Dyi7Uvi+l2ubsVTibZU3XVLT15eWP0W3mPiQwT0IVI0+FjGyBa83TXgMh5Kb53nxABgIK7FiIMBtQPSkjqfg==
    dependencies:
      "@tiptap/extension-bubble-menu" "^2.11.7"
      "@tiptap/extension-floating-menu" "^2.11.7"
  
  "@types/linkify-it@^5":
    version "5.0.0"
    resolved "https://registry.yarnpkg.com/@types/linkify-it/-/linkify-it-5.0.0.tgz#21413001973106cda1c3a9b91eedd4ccd5469d76"
    integrity sha512-sVDA58zAw4eWAffKOaQH5/5j3XeayukzDk+ewSsnv3p4yJEZHCCzMDiZM8e0OUrRvmpGZ85jf4yDHkHsgBNr9Q==
  
  "@types/lodash-es@^4.17.12":
    version "4.17.12"
    resolved "https://registry.yarnpkg.com/@types/lodash-es/-/lodash-es-4.17.12.tgz#65f6d1e5f80539aa7cfbfc962de5def0cf4f341b"
    integrity sha512-0NgftHUcV4v34VhXm8QBSftKVXtbkBG3ViCjs6+eJ5a6y6Mi/jiFGPc1sC7QK+9BFhWrURE3EOggmWaSxL9OzQ==
    dependencies:
      "@types/lodash" "*"
  
  "@types/lodash@*":
    version "4.17.16"
    resolved "https://registry.yarnpkg.com/@types/lodash/-/lodash-4.17.16.tgz#94ae78fab4a38d73086e962d0b65c30d816bfb0a"
    integrity sha512-HX7Em5NYQAXKW+1T+FiuG27NGwzJfCX3s1GjOa7ujxZa52kjJLOr4FUxT+giF6Tgxv1e+/czV/iTtBw27WTU9g==
  
  "@types/markdown-it@^14.0.0":
    version "14.1.2"
    resolved "https://registry.yarnpkg.com/@types/markdown-it/-/markdown-it-14.1.2.tgz#57f2532a0800067d9b934f3521429a2e8bfb4c61"
    integrity sha512-promo4eFwuiW+TfGxhi+0x3czqTYJkG8qB17ZUJiVF10Xm7NLVRSLUsfRTU/6h1e24VvRnXCx+hG7li58lkzog==
    dependencies:
      "@types/linkify-it" "^5"
      "@types/mdurl" "^2"
  
  "@types/mdurl@^2":
    version "2.0.0"
    resolved "https://registry.yarnpkg.com/@types/mdurl/-/mdurl-2.0.0.tgz#d43878b5b20222682163ae6f897b20447233bdfd"
    integrity sha512-RGdgjQUZba5p6QEFAVx2OGb8rQDL/cPRG7GiedRzMcJ1tYnUANBncjbSB1NRGwbvjcPeikRABz2nshyPk1bhWg==
  
  "@types/node@^22.13.14":
    version "22.13.14"
    resolved "https://registry.yarnpkg.com/@types/node/-/node-22.13.14.tgz#70d84ec91013dcd2ba2de35532a5a14c2b4cc912"
    integrity sha512-Zs/Ollc1SJ8nKUAgc7ivOEdIBM8JAKgrqqUYi2J997JuKO7/tpQC+WCetQ1sypiKCQWHdvdg9wBNpUPEWZae7w==
    dependencies:
      undici-types "~6.20.0"
  
  "@types/qs@^6.9.18":
    version "6.9.18"
    resolved "https://registry.yarnpkg.com/@types/qs/-/qs-6.9.18.tgz#877292caa91f7c1b213032b34626505b746624c2"
    integrity sha512-kK7dgTYDyGqS+e2Q4aK9X3D7q234CIZ1Bv0q/7Z5IwRDoADNU81xXJK/YVyLbLTZCoIwUoDoffFeF+p/eIklAA==
  
  "@types/sortablejs@^1.15.8":
    version "1.15.8"
    resolved "https://registry.yarnpkg.com/@types/sortablejs/-/sortablejs-1.15.8.tgz#11ed555076046e00869a5ef85d1e7651e7a66ef6"
    integrity sha512-b79830lW+RZfwaztgs1aVPgbasJ8e7AXtZYHTELNXZPsERt4ymJdjV4OccDbHQAvHrCcFpbF78jkm0R6h/pZVg==
  
  "@vitejs/plugin-vue@^4.4.0":
    version "4.6.2"
    resolved "https://registry.yarnpkg.com/@vitejs/plugin-vue/-/plugin-vue-4.6.2.tgz#057d2ded94c4e71b94e9814f92dcd9306317aa46"
    integrity sha512-kqf7SGFoG+80aZG6Pf+gsZIVvGSCKE98JbiWqcCV9cThtg91Jav0yvYFC9Zb+jKetNGF6ZKeoaxgZfND21fWKw==
  
  "@volar/language-core@2.4.12", "@volar/language-core@~2.4.11":
    version "2.4.12"
    resolved "https://registry.yarnpkg.com/@volar/language-core/-/language-core-2.4.12.tgz#98c8424f8d81a9cad1760a587b1c6db27d05f0cc"
    integrity sha512-RLrFdXEaQBWfSnYGVxvR2WrO6Bub0unkdHYIdC31HzIEqATIuuhRRzYu76iGPZ6OtA4Au1SnW0ZwIqPP217YhA==
    dependencies:
      "@volar/source-map" "2.4.12"
  
  "@volar/source-map@2.4.12":
    version "2.4.12"
    resolved "https://registry.yarnpkg.com/@volar/source-map/-/source-map-2.4.12.tgz#7cc8c6b1b134a2215f06c91ad011d94eef81b0ed"
    integrity sha512-bUFIKvn2U0AWojOaqf63ER0N/iHIBYZPpNGogfLPQ68F5Eet6FnLlyho7BS0y2HJ1jFhSif7AcuTx1TqsCzRzw==
  
  "@volar/typescript@~2.4.11":
    version "2.4.12"
    resolved "https://registry.yarnpkg.com/@volar/typescript/-/typescript-2.4.12.tgz#8c638c23cab89ab131cdcd2d6f2a51768caaa015"
    integrity sha512-HJB73OTJDgPc80K30wxi3if4fSsZZAOScbj2fcicMuOPoOkcf9NNAINb33o+DzhBdF9xTKC1gnPmIRDous5S0g==
    dependencies:
      "@volar/language-core" "2.4.12"
      path-browserify "^1.0.1"
      vscode-uri "^3.0.8"
  
  "@vue/compiler-core@3.5.13":
    version "3.5.13"
    resolved "https://registry.yarnpkg.com/@vue/compiler-core/-/compiler-core-3.5.13.tgz#b0ae6c4347f60c03e849a05d34e5bf747c9bda05"
    integrity sha512-oOdAkwqUfW1WqpwSYJce06wvt6HljgY3fGeM9NcVA1HaYOij3mZG9Rkysn0OHuyUAGMbEbARIpsG+LPVlBJ5/Q==
    dependencies:
      "@babel/parser" "^7.25.3"
      "@vue/shared" "3.5.13"
      entities "^4.5.0"
      estree-walker "^2.0.2"
      source-map-js "^1.2.0"
  
  "@vue/compiler-dom@3.5.13", "@vue/compiler-dom@^3.5.0":
    version "3.5.13"
    resolved "https://registry.yarnpkg.com/@vue/compiler-dom/-/compiler-dom-3.5.13.tgz#bb1b8758dbc542b3658dda973b98a1c9311a8a58"
    integrity sha512-ZOJ46sMOKUjO3e94wPdCzQ6P1Lx/vhp2RSvfaab88Ajexs0AHeV0uasYhi99WPaogmBlRHNRuly8xV75cNTMDA==
    dependencies:
      "@vue/compiler-core" "3.5.13"
      "@vue/shared" "3.5.13"
  
  "@vue/compiler-sfc@3.5.13":
    version "3.5.13"
    resolved "https://registry.yarnpkg.com/@vue/compiler-sfc/-/compiler-sfc-3.5.13.tgz#461f8bd343b5c06fac4189c4fef8af32dea82b46"
    integrity sha512-6VdaljMpD82w6c2749Zhf5T9u5uLBWKnVue6XWxprDobftnletJ8+oel7sexFfM3qIxNmVE7LSFGTpv6obNyaQ==
    dependencies:
      "@babel/parser" "^7.25.3"
      "@vue/compiler-core" "3.5.13"
      "@vue/compiler-dom" "3.5.13"
      "@vue/compiler-ssr" "3.5.13"
      "@vue/shared" "3.5.13"
      estree-walker "^2.0.2"
      magic-string "^0.30.11"
      postcss "^8.4.48"
      source-map-js "^1.2.0"
  
  "@vue/compiler-ssr@3.5.13":
    version "3.5.13"
    resolved "https://registry.yarnpkg.com/@vue/compiler-ssr/-/compiler-ssr-3.5.13.tgz#e771adcca6d3d000f91a4277c972a996d07f43ba"
    integrity sha512-wMH6vrYHxQl/IybKJagqbquvxpWCuVYpoUJfCqFZwa/JY1GdATAQ+TgVtgrwwMZ0D07QhA99rs/EAAWfvG6KpA==
    dependencies:
      "@vue/compiler-dom" "3.5.13"
      "@vue/shared" "3.5.13"
  
  "@vue/compiler-vue2@^2.7.16":
    version "2.7.16"
    resolved "https://registry.yarnpkg.com/@vue/compiler-vue2/-/compiler-vue2-2.7.16.tgz#2ba837cbd3f1b33c2bc865fbe1a3b53fb611e249"
    integrity sha512-qYC3Psj9S/mfu9uVi5WvNZIzq+xnXMhOwbTFKKDD7b1lhpnn71jXSFdTQ+WsIEk0ONCd7VV2IMm7ONl6tbQ86A==
    dependencies:
      de-indent "^1.0.2"
      he "^1.2.0"
  
  "@vue/devtools-api@^6.6.4":
    version "6.6.4"
    resolved "https://registry.yarnpkg.com/@vue/devtools-api/-/devtools-api-6.6.4.tgz#cbe97fe0162b365edc1dba80e173f90492535343"
    integrity sha512-sGhTPMuXqZ1rVOk32RylztWkfXTRhuS7vgAKv0zjqk8gbsHkJ7xfFf+jbySxt7tWObEJwyKaHMikV/WGDiQm8g==
  
  "@vue/devtools-api@^7.7.2":
    version "7.7.2"
    resolved "https://registry.yarnpkg.com/@vue/devtools-api/-/devtools-api-7.7.2.tgz#49837eae6f61fc43a09f5d6c2d3210f9f73a0d09"
    integrity sha512-1syn558KhyN+chO5SjlZIwJ8bV/bQ1nOVTG66t2RbG66ZGekyiYNmRO7X9BJCXQqPsFHlnksqvPhce2qpzxFnA==
    dependencies:
      "@vue/devtools-kit" "^7.7.2"
  
  "@vue/devtools-kit@^7.7.2":
    version "7.7.2"
    resolved "https://registry.yarnpkg.com/@vue/devtools-kit/-/devtools-kit-7.7.2.tgz#3315bd5b144f98c7b84c2f44270b445644ec8f10"
    integrity sha512-CY0I1JH3Z8PECbn6k3TqM1Bk9ASWxeMtTCvZr7vb+CHi+X/QwQm5F1/fPagraamKMAHVfuuCbdcnNg1A4CYVWQ==
    dependencies:
      "@vue/devtools-shared" "^7.7.2"
      birpc "^0.2.19"
      hookable "^5.5.3"
      mitt "^3.0.1"
      perfect-debounce "^1.0.0"
      speakingurl "^14.0.1"
      superjson "^2.2.1"
  
  "@vue/devtools-shared@^7.7.2":
    version "7.7.2"
    resolved "https://registry.yarnpkg.com/@vue/devtools-shared/-/devtools-shared-7.7.2.tgz#b11b143820130a32d8ce5737e264d06ab6d62f40"
    integrity sha512-uBFxnp8gwW2vD6FrJB8JZLUzVb6PNRG0B0jBnHsOH8uKyva2qINY8PTF5Te4QlTbMDqU5K6qtJDr6cNsKWhbOA==
    dependencies:
      rfdc "^1.4.1"
  
  "@vue/language-core@2.2.8":
    version "2.2.8"
    resolved "https://registry.yarnpkg.com/@vue/language-core/-/language-core-2.2.8.tgz#05befa390399fbd4409bc703ee0520b8ac1b7088"
    integrity sha512-rrzB0wPGBvcwaSNRriVWdNAbHQWSf0NlGqgKHK5mEkXpefjUlVRP62u03KvwZpvKVjRnBIQ/Lwre+Mx9N6juUQ==
    dependencies:
      "@volar/language-core" "~2.4.11"
      "@vue/compiler-dom" "^3.5.0"
      "@vue/compiler-vue2" "^2.7.16"
      "@vue/shared" "^3.5.0"
      alien-signals "^1.0.3"
      minimatch "^9.0.3"
      muggle-string "^0.4.1"
      path-browserify "^1.0.1"
  
  "@vue/reactivity@3.5.13":
    version "3.5.13"
    resolved "https://registry.yarnpkg.com/@vue/reactivity/-/reactivity-3.5.13.tgz#b41ff2bb865e093899a22219f5b25f97b6fe155f"
    integrity sha512-NaCwtw8o48B9I6L1zl2p41OHo/2Z4wqYGGIK1Khu5T7yxrn+ATOixn/Udn2m+6kZKB/J7cuT9DbWWhRxqixACg==
    dependencies:
      "@vue/shared" "3.5.13"
  
  "@vue/runtime-core@3.5.13":
    version "3.5.13"
    resolved "https://registry.yarnpkg.com/@vue/runtime-core/-/runtime-core-3.5.13.tgz#1fafa4bf0b97af0ebdd9dbfe98cd630da363a455"
    integrity sha512-Fj4YRQ3Az0WTZw1sFe+QDb0aXCerigEpw418pw1HBUKFtnQHWzwojaukAs2X/c9DQz4MQ4bsXTGlcpGxU/RCIw==
    dependencies:
      "@vue/reactivity" "3.5.13"
      "@vue/shared" "3.5.13"
  
  "@vue/runtime-dom@3.5.13":
    version "3.5.13"
    resolved "https://registry.yarnpkg.com/@vue/runtime-dom/-/runtime-dom-3.5.13.tgz#610fc795de9246300e8ae8865930d534e1246215"
    integrity sha512-dLaj94s93NYLqjLiyFzVs9X6dWhTdAlEAciC3Moq7gzAc13VJUdCnjjRurNM6uTLFATRHexHCTu/Xp3eW6yoog==
    dependencies:
      "@vue/reactivity" "3.5.13"
      "@vue/runtime-core" "3.5.13"
      "@vue/shared" "3.5.13"
      csstype "^3.1.3"
  
  "@vue/server-renderer@3.5.13":
    version "3.5.13"
    resolved "https://registry.yarnpkg.com/@vue/server-renderer/-/server-renderer-3.5.13.tgz#429ead62ee51de789646c22efe908e489aad46f7"
    integrity sha512-wAi4IRJV/2SAW3htkTlB+dHeRmpTiVIK1OGLWV1yeStVSebSQQOwGwIq0D3ZIoBj2C2qpgz5+vX9iEBkTdk5YA==
    dependencies:
      "@vue/compiler-ssr" "3.5.13"
      "@vue/shared" "3.5.13"
  
  "@vue/shared@3.5.13", "@vue/shared@^3.5.0":
    version "3.5.13"
    resolved "https://registry.yarnpkg.com/@vue/shared/-/shared-3.5.13.tgz#87b309a6379c22b926e696893237826f64339b6f"
    integrity sha512-/hnE/qP5ZoGpol0a5mDi45bOd7t3tjYJBjsgCsivow7D48cJeV5l05RD82lPqi7gRiphZM37rnhW1l6ZoCNNnQ==
  
  "@vue/tsconfig@^0.7.0":
    version "0.7.0"
    resolved "https://registry.yarnpkg.com/@vue/tsconfig/-/tsconfig-0.7.0.tgz#67044c847b7a137b8cbfd6b23104c36dbaf80d1d"
    integrity sha512-ku2uNz5MaZ9IerPPUyOHzyjhXoX2kVJaVf7hL315DC17vS6IiZRmmCPfggNbU16QTvM80+uYYy3eYJB59WCtvg==
  
  alien-signals@^1.0.3:
    version "1.0.7"
    resolved "https://registry.yarnpkg.com/alien-signals/-/alien-signals-1.0.7.tgz#6fd7fb39031fc1fdcb34b7135a7575e7a7adf806"
    integrity sha512-OfUBerxNtc4PsNwkSu8KVHMOJUKmFLmLmeYsBBTnwzlezm+LmvJk31iE7Ggk1hS/S7GIrn9QNGm+NlkhxJmMQQ==
  
  argparse@^2.0.1:
    version "2.0.1"
    resolved "https://registry.yarnpkg.com/argparse/-/argparse-2.0.1.tgz#246f50f3ca78a3240f6c997e8a9bd1eac49e4b38"
    integrity sha512-8+9WqebbFzpX9OR+Wa6O29asIogeRMzcGtAINdpMHHyAg10f05aSFVBbcEqGf/PXw1EjAZ+q2/bEBg3DvurK3Q==
  
  asynckit@^0.4.0:
    version "0.4.0"
    resolved "https://registry.yarnpkg.com/asynckit/-/asynckit-0.4.0.tgz#c79ed97f7f34cb8f2ba1bc9790bcc366474b4b79"
    integrity sha512-Oei9OH4tRh0YqU3GxhX79dM/mwVgvbZJaSNaRk+bshkj0S5cfHcgYakreBjrHwatXKbz+IoIdYLxrKim2MjW0Q==
  
  axios@^1.8.4:
    version "1.8.4"
    resolved "https://registry.yarnpkg.com/axios/-/axios-1.8.4.tgz#78990bb4bc63d2cae072952d374835950a82f447"
    integrity sha512-eBSYY4Y68NNlHbHBMdeDmKNtDgXWhQsJcGqzO3iLUM0GraQFSS9cVgPX5I9b3lbdFKyYoAEGAZF1DwhTaljNAw==
    dependencies:
      follow-redirects "^1.15.6"
      form-data "^4.0.0"
      proxy-from-env "^1.1.0"
  
  balanced-match@^1.0.0:
    version "1.0.2"
    resolved "https://registry.yarnpkg.com/balanced-match/-/balanced-match-1.0.2.tgz#e83e3a7e3f300b34cb9d87f615fa0cbf357690ee"
    integrity sha512-3oSeUO0TMV67hN1AmbXsK4yaqU7tjiHlbxRDZOpH0KW9+CeX4bRAaX0Anxt0tx2MrpRpWwQaPwIlISEJhYU5Pw==
  
  birpc@^0.2.19:
    version "0.2.19"
    resolved "https://registry.yarnpkg.com/birpc/-/birpc-0.2.19.tgz#cdd183a4a70ba103127d49765b4a71349da5a0ca"
    integrity sha512-5WeXXAvTmitV1RqJFppT5QtUiz2p1mRSYU000Jkft5ZUCLJIk4uQriYNO50HknxKwM6jd8utNc66K1qGIwwWBQ==
  
  bootstrap-icons@^1.11.3:
    version "1.11.3"
    resolved "https://registry.yarnpkg.com/bootstrap-icons/-/bootstrap-icons-1.11.3.tgz#03f9cb754ec005c52f9ee616e2e84a82cab3084b"
    integrity sha512-+3lpHrCw/it2/7lBL15VR0HEumaBss0+f/Lb6ZvHISn1mlK83jjFpooTLsMWbIjJMDjDjOExMsTxnXSIT4k4ww==
  
  brace-expansion@^2.0.1:
    version "2.0.1"
    resolved "https://registry.yarnpkg.com/brace-expansion/-/brace-expansion-2.0.1.tgz#1edc459e0f0c548486ecf9fc99f2221364b9a0ae"
    integrity sha512-XnAIvQ8eM+kC6aULx6wuQiwVsnzsi9d3WxzV3FpWTGA19F621kwdbsAcFKXgKUHZWsy+mY6iL1sHTxWEFCytDA==
    dependencies:
      balanced-match "^1.0.0"
  
  call-bind-apply-helpers@^1.0.1, call-bind-apply-helpers@^1.0.2:
    version "1.0.2"
    resolved "https://registry.yarnpkg.com/call-bind-apply-helpers/-/call-bind-apply-helpers-1.0.2.tgz#4b5428c222be985d79c3d82657479dbe0b59b2d6"
    integrity sha512-Sp1ablJ0ivDkSzjcaJdxEunN5/XvksFJ2sMBFfq6x0ryhQV/2b/KwFe21cMpmHtPOSij8K99/wSfoEuTObmuMQ==
    dependencies:
      es-errors "^1.3.0"
      function-bind "^1.1.2"
  
  call-bound@^1.0.2:
    version "1.0.4"
    resolved "https://registry.yarnpkg.com/call-bound/-/call-bound-1.0.4.tgz#238de935d2a2a692928c538c7ccfa91067fd062a"
    integrity sha512-+ys997U96po4Kx/ABpBCqhA9EuxJaQWDQg7295H4hBphv3IZg0boBKuwYpt4YXp6MZ5AmZQnU/tyMTlRpaSejg==
    dependencies:
      call-bind-apply-helpers "^1.0.2"
      get-intrinsic "^1.3.0"
  
  combined-stream@^1.0.8:
    version "1.0.8"
    resolved "https://registry.yarnpkg.com/combined-stream/-/combined-stream-1.0.8.tgz#c3d45a8b34fd730631a110a8a2520682b31d5a7f"
    integrity sha512-FQN4MRfuJeHf7cBbBMJFXhKSDq+2kAArBlmRBvcvFE5BB1HZKXtSFASDhdlz9zOYwxh8lDdnvmMOe/+5cdoEdg==
    dependencies:
      delayed-stream "~1.0.0"
  
  copy-anything@^2.0.1:
    version "2.0.6"
    resolved "https://registry.yarnpkg.com/copy-anything/-/copy-anything-2.0.6.tgz#092454ea9584a7b7ad5573062b2a87f5900fc480"
    integrity sha512-1j20GZTsvKNkc4BY3NpMOM8tt///wY3FpIzozTOFO2ffuZcV61nojHXVKIy3WM+7ADCy5FVhdZYHYDdgTU0yJw==
    dependencies:
      is-what "^3.14.1"
  
  copy-anything@^3.0.2:
    version "3.0.5"
    resolved "https://registry.yarnpkg.com/copy-anything/-/copy-anything-3.0.5.tgz#2d92dce8c498f790fa7ad16b01a1ae5a45b020a0"
    integrity sha512-yCEafptTtb4bk7GLEQoM8KVJpxAfdBJYaXyzQEgQQQgYrZiDp8SJmGKlYza6CYjEDNstAdNdKA3UuoULlEbS6w==
    dependencies:
      is-what "^4.1.8"
  
  crelt@^1.0.0:
    version "1.0.6"
    resolved "https://registry.yarnpkg.com/crelt/-/crelt-1.0.6.tgz#7cc898ea74e190fb6ef9dae57f8f81cf7302df72"
    integrity sha512-VQ2MBenTq1fWZUH9DJNGti7kKv6EeAuYr3cLwxUWhIu1baTaXh4Ib5W2CqHVqib4/MqbYGJqiL3Zb8GJZr3l4g==
  
  csstype@^3.1.3:
    version "3.1.3"
    resolved "https://registry.yarnpkg.com/csstype/-/csstype-3.1.3.tgz#d80ff294d114fb0e6ac500fbf85b60137d7eff81"
    integrity sha512-M1uQkMl8rQK/szD0LNhtqxIPLpimGm8sOBwU7lLnCpSbTyY3yeU1Vc7l4KT5zT4s/yOxHH5O7tIuuLOCnLADRw==
  
  dayjs@^1.11.13:
    version "1.11.13"
    resolved "https://registry.yarnpkg.com/dayjs/-/dayjs-1.11.13.tgz#92430b0139055c3ebb60150aa13e860a4b5a366c"
    integrity sha512-oaMBel6gjolK862uaPQOVTA7q3TZhuSvuMQAAglQDOWYO9A91IrAOUJEyKVlqJlHE0vq5p5UXxzdPfMH/x6xNg==
  
  de-indent@^1.0.2:
    version "1.0.2"
    resolved "https://registry.yarnpkg.com/de-indent/-/de-indent-1.0.2.tgz#b2038e846dc33baa5796128d0804b455b8c1e21d"
    integrity sha512-e/1zu3xH5MQryN2zdVaF0OrdNLUbvWxzMbi+iNA6Bky7l1RoP8a2fIbRocyHclXt/arDrrR6lL3TqFD9pMQTsg==
  
  delayed-stream@~1.0.0:
    version "1.0.0"
    resolved "https://registry.yarnpkg.com/delayed-stream/-/delayed-stream-1.0.0.tgz#df3ae199acadfb7d440aaae0b29e2272b24ec619"
    integrity sha512-ZySD7Nf91aLB0RxL4KGrKHBXl7Eds1DAmEdcoVawXnLD7SDhpNgtuII2aAkg7a7QS41jxPSZ17p4VdGnMHk3MQ==
  
  dunder-proto@^1.0.1:
    version "1.0.1"
    resolved "https://registry.yarnpkg.com/dunder-proto/-/dunder-proto-1.0.1.tgz#d7ae667e1dc83482f8b70fd0f6eefc50da30f58a"
    integrity sha512-KIN/nDJBQRcXw0MLVhZE9iQHmG68qAVIBg9CqmUYjmQIhgij9U5MFvrqkUL5FbtyyzZuOeOt0zdeRe4UY7ct+A==
    dependencies:
      call-bind-apply-helpers "^1.0.1"
      es-errors "^1.3.0"
      gopd "^1.2.0"
  
  entities@^4.4.0, entities@^4.5.0:
    version "4.5.0"
    resolved "https://registry.yarnpkg.com/entities/-/entities-4.5.0.tgz#5d268ea5e7113ec74c4d033b79ea5a35a488fb48"
    integrity sha512-V0hjH4dGPh9Ao5p0MoRY6BVqtwCjhz6vI5LT8AJ55H+4g9/4vbHx1I54fS0XuclLhDHArPQCiMjDxjaL8fPxhw==
  
  errno@^0.1.1:
    version "0.1.8"
    resolved "https://registry.yarnpkg.com/errno/-/errno-0.1.8.tgz#8bb3e9c7d463be4976ff888f76b4809ebc2e811f"
    integrity sha512-dJ6oBr5SQ1VSd9qkk7ByRgb/1SH4JZjCHSW/mr63/QcXO9zLVxvJ6Oy13nio03rxpSnVDDjFor75SjVeZWPW/A==
    dependencies:
      prr "~1.0.1"
  
  es-define-property@^1.0.1:
    version "1.0.1"
    resolved "https://registry.yarnpkg.com/es-define-property/-/es-define-property-1.0.1.tgz#983eb2f9a6724e9303f61addf011c72e09e0b0fa"
    integrity sha512-e3nRfgfUZ4rNGL232gUgX06QNyyez04KdjFrF+LTRoOXmrOgFKDg4BCdsjW8EnT69eqdYGmRpJwiPVYNrCaW3g==
  
  es-errors@^1.3.0:
    version "1.3.0"
    resolved "https://registry.yarnpkg.com/es-errors/-/es-errors-1.3.0.tgz#05f75a25dab98e4fb1dcd5e1472c0546d5057c8f"
    integrity sha512-Zf5H2Kxt2xjTvbJvP2ZWLEICxA6j+hAmMzIlypy4xcBg1vKVnx89Wy0GbS+kf5cwCVFFzdCFh2XSCFNULS6csw==
  
  es-object-atoms@^1.0.0, es-object-atoms@^1.1.1:
    version "1.1.1"
    resolved "https://registry.yarnpkg.com/es-object-atoms/-/es-object-atoms-1.1.1.tgz#1c4f2c4837327597ce69d2ca190a7fdd172338c1"
    integrity sha512-FGgH2h8zKNim9ljj7dankFPcICIK9Cp5bm+c2gQSYePhpaG5+esrLODihIorn+Pe6FGJzWhXQotPv73jTaldXA==
    dependencies:
      es-errors "^1.3.0"
  
  es-set-tostringtag@^2.1.0:
    version "2.1.0"
    resolved "https://registry.yarnpkg.com/es-set-tostringtag/-/es-set-tostringtag-2.1.0.tgz#f31dbbe0c183b00a6d26eb6325c810c0fd18bd4d"
    integrity sha512-j6vWzfrGVfyXxge+O0x5sh6cvxAog0a/4Rdd2K36zCMV5eJ+/+tOAngRO8cODMNWbVRdVlmGZQL2YS3yR8bIUA==
    dependencies:
      es-errors "^1.3.0"
      get-intrinsic "^1.2.6"
      has-tostringtag "^1.0.2"
      hasown "^2.0.2"
  
  esbuild@^0.18.10:
    version "0.18.20"
    resolved "https://registry.yarnpkg.com/esbuild/-/esbuild-0.18.20.tgz#4709f5a34801b43b799ab7d6d82f7284a9b7a7a6"
    integrity sha512-ceqxoedUrcayh7Y7ZX6NdbbDzGROiyVBgC4PriJThBKSVPWnnFHZAkfI1lJT8QFkOwH4qOS2SJkS4wvpGl8BpA==
    optionalDependencies:
      "@esbuild/android-arm" "0.18.20"
      "@esbuild/android-arm64" "0.18.20"
      "@esbuild/android-x64" "0.18.20"
      "@esbuild/darwin-arm64" "0.18.20"
      "@esbuild/darwin-x64" "0.18.20"
      "@esbuild/freebsd-arm64" "0.18.20"
      "@esbuild/freebsd-x64" "0.18.20"
      "@esbuild/linux-arm" "0.18.20"
      "@esbuild/linux-arm64" "0.18.20"
      "@esbuild/linux-ia32" "0.18.20"
      "@esbuild/linux-loong64" "0.18.20"
      "@esbuild/linux-mips64el" "0.18.20"
      "@esbuild/linux-ppc64" "0.18.20"
      "@esbuild/linux-riscv64" "0.18.20"
      "@esbuild/linux-s390x" "0.18.20"
      "@esbuild/linux-x64" "0.18.20"
      "@esbuild/netbsd-x64" "0.18.20"
      "@esbuild/openbsd-x64" "0.18.20"
      "@esbuild/sunos-x64" "0.18.20"
      "@esbuild/win32-arm64" "0.18.20"
      "@esbuild/win32-ia32" "0.18.20"
      "@esbuild/win32-x64" "0.18.20"
  
  escape-string-regexp@^4.0.0:
    version "4.0.0"
    resolved "https://registry.yarnpkg.com/escape-string-regexp/-/escape-string-regexp-4.0.0.tgz#14ba83a5d373e3d311e5afca29cf5bfad965bf34"
    integrity sha512-TtpcNJ3XAzx3Gq8sWRzJaVajRs0uVxA2YAkdb1jm2YkPz4G6egUFAyA3n5vtEIZefPk5Wa4UXbKuS5fKkJWdgA==
  
  estree-walker@^2.0.2:
    version "2.0.2"
    resolved "https://registry.yarnpkg.com/estree-walker/-/estree-walker-2.0.2.tgz#52f010178c2a4c117a7757cfe942adb7d2da4cac"
    integrity sha512-Rfkk/Mp/DL7JVje3u18FxFujQlTNR2q6QfMSMB7AvCBx91NGj/ba3kCfza0f6dVDbw7YlRf/nDrn7pQrCCyQ/w==
  
  follow-redirects@^1.15.6:
    version "1.15.9"
    resolved "https://registry.yarnpkg.com/follow-redirects/-/follow-redirects-1.15.9.tgz#a604fa10e443bf98ca94228d9eebcc2e8a2c8ee1"
    integrity sha512-gew4GsXizNgdoRyqmyfMHyAmXsZDk6mHkSxZFCzW9gwlbtOW44CDtYavM+y+72qD/Vq2l550kMF52DT8fOLJqQ==
  
  form-data@^4.0.0:
    version "4.0.2"
    resolved "https://registry.yarnpkg.com/form-data/-/form-data-4.0.2.tgz#35cabbdd30c3ce73deb2c42d3c8d3ed9ca51794c"
    integrity sha512-hGfm/slu0ZabnNt4oaRZ6uREyfCj6P4fT/n6A1rGV+Z0VdGXjfOhVUpkn6qVQONHGIFwmveGXyDs75+nr6FM8w==
    dependencies:
      asynckit "^0.4.0"
      combined-stream "^1.0.8"
      es-set-tostringtag "^2.1.0"
      mime-types "^2.1.12"
  
  fsevents@~2.3.2:
    version "2.3.3"
    resolved "https://registry.yarnpkg.com/fsevents/-/fsevents-2.3.3.tgz#cac6407785d03675a2a5e1a5305c697b347d90d6"
    integrity sha512-5xoDfX+fL7faATnagmWPpbFtwh/R77WmMMqqHGS65C3vvB0YHrgF+B1YmZ3441tMj5n63k0212XNoJwzlhffQw==
  
  function-bind@^1.1.2:
    version "1.1.2"
    resolved "https://registry.yarnpkg.com/function-bind/-/function-bind-1.1.2.tgz#2c02d864d97f3ea6c8830c464cbd11ab6eab7a1c"
    integrity sha512-7XHNxH7qX9xG5mIwxkhumTox/MIRNcOgDrxWsMt2pAr23WHp6MrRlN7FBSFpCpr+oVO0F744iUgR82nJMfG2SA==
  
  get-intrinsic@^1.2.5, get-intrinsic@^1.2.6, get-intrinsic@^1.3.0:
    version "1.3.0"
    resolved "https://registry.yarnpkg.com/get-intrinsic/-/get-intrinsic-1.3.0.tgz#743f0e3b6964a93a5491ed1bffaae054d7f98d01"
    integrity sha512-9fSjSaos/fRIVIp+xSJlE6lfwhES7LNtKaCBIamHsjr2na1BiABJPo0mOjjz8GJDURarmCPGqaiVg5mfjb98CQ==
    dependencies:
      call-bind-apply-helpers "^1.0.2"
      es-define-property "^1.0.1"
      es-errors "^1.3.0"
      es-object-atoms "^1.1.1"
      function-bind "^1.1.2"
      get-proto "^1.0.1"
      gopd "^1.2.0"
      has-symbols "^1.1.0"
      hasown "^2.0.2"
      math-intrinsics "^1.1.0"
  
  get-proto@^1.0.1:
    version "1.0.1"
    resolved "https://registry.yarnpkg.com/get-proto/-/get-proto-1.0.1.tgz#150b3f2743869ef3e851ec0c49d15b1d14d00ee1"
    integrity sha512-sTSfBjoXBp89JvIKIefqw7U2CCebsc74kiY6awiGogKtoSGbgjYE/G/+l9sF3MWFPNc9IcoOC4ODfKHfxFmp0g==
    dependencies:
      dunder-proto "^1.0.1"
      es-object-atoms "^1.0.0"
  
  gopd@^1.2.0:
    version "1.2.0"
    resolved "https://registry.yarnpkg.com/gopd/-/gopd-1.2.0.tgz#89f56b8217bdbc8802bd299df6d7f1081d7e51a1"
    integrity sha512-ZUKRh6/kUFoAiTAtTYPZJ3hw9wNxx+BIBOijnlG9PnrJsCcSjs1wyyD6vJpaYtgnzDrKYRSqf3OO6Rfa93xsRg==
  
  graceful-fs@^4.1.2:
    version "4.2.11"
    resolved "https://registry.yarnpkg.com/graceful-fs/-/graceful-fs-4.2.11.tgz#4183e4e8bf08bb6e05bbb2f7d2e0c8f712ca40e3"
    integrity sha512-RbJ5/jmFcNNCcDV5o9eTnBLJ/HszWV0P73bc+Ff4nS/rJj+YaS6IGyiOL0VoBYX+l1Wrl3k63h/KrH+nhJ0XvQ==
  
  has-symbols@^1.0.3, has-symbols@^1.1.0:
    version "1.1.0"
    resolved "https://registry.yarnpkg.com/has-symbols/-/has-symbols-1.1.0.tgz#fc9c6a783a084951d0b971fe1018de813707a338"
    integrity sha512-1cDNdwJ2Jaohmb3sg4OmKaMBwuC48sYni5HUw2DvsC8LjGTLK9h+eb1X6RyuOHe4hT0ULCW68iomhjUoKUqlPQ==
  
  has-tostringtag@^1.0.2:
    version "1.0.2"
    resolved "https://registry.yarnpkg.com/has-tostringtag/-/has-tostringtag-1.0.2.tgz#2cdc42d40bef2e5b4eeab7c01a73c54ce7ab5abc"
    integrity sha512-NqADB8VjPFLM2V0VvHUewwwsw0ZWBaIdgo+ieHtK3hasLz4qeCRjYcqfB6AQrBggRKppKF8L52/VqdVsO47Dlw==
    dependencies:
      has-symbols "^1.0.3"
  
  hasown@^2.0.2:
    version "2.0.2"
    resolved "https://registry.yarnpkg.com/hasown/-/hasown-2.0.2.tgz#003eaf91be7adc372e84ec59dc37252cedb80003"
    integrity sha512-0hJU9SCPvmMzIBdZFqNPXWa6dqh7WdH0cII9y+CyS8rG3nL48Bclra9HmKhVVUHyPWNH5Y7xDwAB7bfgSjkUMQ==
    dependencies:
      function-bind "^1.1.2"
  
  he@^1.2.0:
    version "1.2.0"
    resolved "https://registry.yarnpkg.com/he/-/he-1.2.0.tgz#84ae65fa7eafb165fddb61566ae14baf05664f0f"
    integrity sha512-F/1DnUGPopORZi0ni+CvrCgHQ5FyEAHRLSApuYWMmrbSwoN2Mn/7k+Gl38gJnR7yyDZk6WLXwiGod1JOWNDKGw==
  
  hookable@^5.5.3:
    version "5.5.3"
    resolved "https://registry.yarnpkg.com/hookable/-/hookable-5.5.3.tgz#6cfc358984a1ef991e2518cb9ed4a778bbd3215d"
    integrity sha512-Yc+BQe8SvoXH1643Qez1zqLRmbA5rCL+sSmk6TVos0LWVfNIB7PGncdlId77WzLGSIB5KaWgTaNTs2lNVEI6VQ==
  
  iconv-lite@^0.6.3:
    version "0.6.3"
    resolved "https://registry.yarnpkg.com/iconv-lite/-/iconv-lite-0.6.3.tgz#a52f80bf38da1952eb5c681790719871a1a72501"
    integrity sha512-4fCk79wshMdzMp2rH06qWrJE4iolqLhCUH+OiuIgU++RB0+94NlDL81atO7GX55uUKueo0txHNtvEyI6D7WdMw==
    dependencies:
      safer-buffer ">= 2.1.2 < 3.0.0"
  
  image-size@~0.5.0:
    version "0.5.5"
    resolved "https://registry.yarnpkg.com/image-size/-/image-size-0.5.5.tgz#09dfd4ab9d20e29eb1c3e80b8990378df9e3cb9c"
    integrity sha512-6TDAlDPZxUFCv+fuOkIoXT/V/f3Qbq8e37p+YOiYrUv3v9cc3/6x78VdfPgFVaB9dZYeLUfKgHRebpkm/oP2VQ==
  
  is-what@^3.14.1:
    version "3.14.1"
    resolved "https://registry.yarnpkg.com/is-what/-/is-what-3.14.1.tgz#e1222f46ddda85dead0fd1c9df131760e77755c1"
    integrity sha512-sNxgpk9793nzSs7bA6JQJGeIuRBQhAaNGG77kzYQgMkrID+lS6SlK07K5LaptscDlSaIgH+GPFzf+d75FVxozA==
  
  is-what@^4.1.8:
    version "4.1.16"
    resolved "https://registry.yarnpkg.com/is-what/-/is-what-4.1.16.tgz#1ad860a19da8b4895ad5495da3182ce2acdd7a6f"
    integrity sha512-ZhMwEosbFJkA0YhFnNDgTM4ZxDRsS6HqTo7qsZM08fehyRYIYa0yHu5R6mgo1n/8MgaPBXiPimPD77baVFYg+A==
  
  less@^3.12.2:
    version "3.13.1"
    resolved "https://registry.yarnpkg.com/less/-/less-3.13.1.tgz#0ebc91d2a0e9c0c6735b83d496b0ab0583077909"
    integrity sha512-SwA1aQXGUvp+P5XdZslUOhhLnClSLIjWvJhmd+Vgib5BFIr9lMNlQwmwUNOjXThF/A0x+MCYYPeWEfeWiLRnTw==
    dependencies:
      copy-anything "^2.0.1"
      tslib "^1.10.0"
    optionalDependencies:
      errno "^0.1.1"
      graceful-fs "^4.1.2"
      image-size "~0.5.0"
      make-dir "^2.1.0"
      mime "^1.4.1"
      native-request "^1.0.5"
      source-map "~0.6.0"
  
  less@^4.1.3:
    version "4.2.2"
    resolved "https://registry.yarnpkg.com/less/-/less-4.2.2.tgz#4b59ede113933b58ab152190edf9180fc36846d8"
    integrity sha512-tkuLHQlvWUTeQ3doAqnHbNn8T6WX1KA8yvbKG9x4VtKtIjHsVKQZCH11zRgAfbDAXC2UNIg/K9BYAAcEzUIrNg==
    dependencies:
      copy-anything "^2.0.1"
      parse-node-version "^1.0.1"
      tslib "^2.3.0"
    optionalDependencies:
      errno "^0.1.1"
      graceful-fs "^4.1.2"
      image-size "~0.5.0"
      make-dir "^2.1.0"
      mime "^1.4.1"
      needle "^3.1.0"
      source-map "~0.6.0"
  
  linkify-it@^5.0.0:
    version "5.0.0"
    resolved "https://registry.yarnpkg.com/linkify-it/-/linkify-it-5.0.0.tgz#9ef238bfa6dc70bd8e7f9572b52d369af569b421"
    integrity sha512-5aHCbzQRADcdP+ATqnDuhhJ/MRIqDkZX5pyjFHRRysS8vZ5AbqGEoFIb6pYHPZ+L/OC2Lc+xT8uHVVR5CAK/wQ==
    dependencies:
      uc.micro "^2.0.0"
  
  linkifyjs@^4.2.0:
    version "4.2.0"
    resolved "https://registry.yarnpkg.com/linkifyjs/-/linkifyjs-4.2.0.tgz#9dd30222b9cbabec9c950e725ec00031c7fa3f08"
    integrity sha512-pCj3PrQyATaoTYKHrgWRF3SJwsm61udVh+vuls/Rl6SptiDhgE7ziUIudAedRY9QEfynmM7/RmLEfPUyw1HPCw==
  
  lodash-es@^4.17.21:
    version "4.17.21"
    resolved "https://registry.yarnpkg.com/lodash-es/-/lodash-es-4.17.21.tgz#43e626c46e6591b7750beb2b50117390c609e3ee"
    integrity sha512-mKnC+QJ9pWVzv+C4/U3rRsHapFfHvQFoFB92e52xeyGMcX6/OlIl78je1u8vePzYZSkkogMPJ2yjxxsb89cxyw==
  
  magic-string@^0.30.11:
    version "0.30.17"
    resolved "https://registry.yarnpkg.com/magic-string/-/magic-string-0.30.17.tgz#450a449673d2460e5bbcfba9a61916a1714c7453"
    integrity sha512-sNPKHvyjVf7gyjwS4xGTaW/mCnF8wnjtifKBEhxfZ7E/S8tQ0rssrwGNn6q8JH/ohItJfSQp9mBtQYuTlH5QnA==
    dependencies:
      "@jridgewell/sourcemap-codec" "^1.5.0"
  
  make-dir@^2.1.0:
    version "2.1.0"
    resolved "https://registry.yarnpkg.com/make-dir/-/make-dir-2.1.0.tgz#5f0310e18b8be898cc07009295a30ae41e91e6f5"
    integrity sha512-LS9X+dc8KLxXCb8dni79fLIIUA5VyZoyjSMCwTluaXA0o27cCK0bhXkpgw+sTXVpPy/lSO57ilRixqk0vDmtRA==
    dependencies:
      pify "^4.0.1"
      semver "^5.6.0"
  
  markdown-it@^14.0.0:
    version "14.1.0"
    resolved "https://registry.yarnpkg.com/markdown-it/-/markdown-it-14.1.0.tgz#3c3c5992883c633db4714ccb4d7b5935d98b7d45"
    integrity sha512-a54IwgWPaeBCAAsv13YgmALOF1elABB08FxO9i+r4VFk5Vl4pKokRPeX8u5TCgSsPi6ec1otfLjdOpVcgbpshg==
    dependencies:
      argparse "^2.0.1"
      entities "^4.4.0"
      linkify-it "^5.0.0"
      mdurl "^2.0.0"
      punycode.js "^2.3.1"
      uc.micro "^2.1.0"
  
  math-intrinsics@^1.1.0:
    version "1.1.0"
    resolved "https://registry.yarnpkg.com/math-intrinsics/-/math-intrinsics-1.1.0.tgz#a0dd74be81e2aa5c2f27e65ce283605ee4e2b7f9"
    integrity sha512-/IXtbwEk5HTPyEwyKX6hGkYXxM9nbj64B+ilVJnC/R6B0pH5G4V3b0pVbL7DBj4tkhBAppbQUlf6F6Xl9LHu1g==
  
  mdurl@^2.0.0:
    version "2.0.0"
    resolved "https://registry.yarnpkg.com/mdurl/-/mdurl-2.0.0.tgz#80676ec0433025dd3e17ee983d0fe8de5a2237e0"
    integrity sha512-Lf+9+2r+Tdp5wXDXC4PcIBjTDtq4UKjCPMQhKIuzpJNW0b96kVqSwW0bT7FhRSfmAiFYgP+SCRvdrDozfh0U5w==
  
  mime-db@1.52.0:
    version "1.52.0"
    resolved "https://registry.yarnpkg.com/mime-db/-/mime-db-1.52.0.tgz#bbabcdc02859f4987301c856e3387ce5ec43bf70"
    integrity sha512-sPU4uV7dYlvtWJxwwxHD0PuihVNiE7TyAbQ5SWxDCB9mUYvOgroQOwYQQOKPJ8CIbE+1ETVlOoK1UC2nU3gYvg==
  
  mime-types@^2.1.12:
    version "2.1.35"
    resolved "https://registry.yarnpkg.com/mime-types/-/mime-types-2.1.35.tgz#381a871b62a734450660ae3deee44813f70d959a"
    integrity sha512-ZDY+bPm5zTTF+YpCrAU9nK0UgICYPT0QtT1NZWFv4s++TNkcgVaT0g6+4R2uI4MjQjzysHB1zxuWL50hzaeXiw==
    dependencies:
      mime-db "1.52.0"
  
  mime@^1.4.1:
    version "1.6.0"
    resolved "https://registry.yarnpkg.com/mime/-/mime-1.6.0.tgz#32cd9e5c64553bd58d19a568af452acff04981b1"
    integrity sha512-x0Vn8spI+wuJ1O6S7gnbaQg8Pxh4NNHb7KSINmEWKiPE4RKOplvijn+NkmYmmRgP68mc70j2EbeTFRsrswaQeg==
  
  minimatch@^9.0.3:
    version "9.0.5"
    resolved "https://registry.yarnpkg.com/minimatch/-/minimatch-9.0.5.tgz#d74f9dd6b57d83d8e98cfb82133b03978bc929e5"
    integrity sha512-G6T0ZX48xgozx7587koeX9Ys2NYy6Gmv//P89sEte9V9whIapMNF4idKxnW2QtCcLiTWlb/wfCabAtAFWhhBow==
    dependencies:
      brace-expansion "^2.0.1"
  
  mitt@^3.0.1:
    version "3.0.1"
    resolved "https://registry.yarnpkg.com/mitt/-/mitt-3.0.1.tgz#ea36cf0cc30403601ae074c8f77b7092cdab36d1"
    integrity sha512-vKivATfr97l2/QBCYAkXYDbrIWPM2IIKEl7YPhjCvKlG3kE2gm+uBo6nEXK3M5/Ffh/FLpKExzOQ3JJoJGFKBw==
  
  muggle-string@^0.4.1:
    version "0.4.1"
    resolved "https://registry.yarnpkg.com/muggle-string/-/muggle-string-0.4.1.tgz#3b366bd43b32f809dc20659534dd30e7c8a0d328"
    integrity sha512-VNTrAak/KhO2i8dqqnqnAHOa3cYBwXEZe9h+D5h/1ZqFSTEFHdM65lR7RoIqq3tBBYavsOXV84NoHXZ0AkPyqQ==
  
  nanoid@^3.3.8:
    version "3.3.11"
    resolved "https://registry.yarnpkg.com/nanoid/-/nanoid-3.3.11.tgz#4f4f112cefbe303202f2199838128936266d185b"
    integrity sha512-N8SpfPUnUp1bK+PMYW8qSWdl9U+wwNWI4QKxOYDy9JAro3WMX7p2OeVRF9v+347pnakNevPmiHhNmZ2HbFA76w==
  
  native-request@^1.0.5:
    version "1.1.2"
    resolved "https://registry.yarnpkg.com/native-request/-/native-request-1.1.2.tgz#b677952757429db6cd41972a29c3b781977413ed"
    integrity sha512-/etjwrK0J4Ebbcnt35VMWnfiUX/B04uwGJxyJInagxDqf2z5drSt/lsOvEMWGYunz1kaLZAFrV4NDAbOoDKvAQ==
  
  needle@^3.1.0:
    version "3.3.1"
    resolved "https://registry.yarnpkg.com/needle/-/needle-3.3.1.tgz#63f75aec580c2e77e209f3f324e2cdf3d29bd049"
    integrity sha512-6k0YULvhpw+RoLNiQCRKOl09Rv1dPLr8hHnVjHqdolKwDrdNyk+Hmrthi4lIGPPz3r39dLx0hsF5s40sZ3Us4Q==
    dependencies:
      iconv-lite "^0.6.3"
      sax "^1.2.4"
  
  object-inspect@^1.13.3:
    version "1.13.4"
    resolved "https://registry.yarnpkg.com/object-inspect/-/object-inspect-1.13.4.tgz#8375265e21bc20d0fa582c22e1b13485d6e00213"
    integrity sha512-W67iLl4J2EXEGTbfeHCffrjDfitvLANg0UlX3wFUUSTx92KXRFegMHUVgSqE+wvhAbi4WqjGg9czysTV2Epbew==
  
  orderedmap@^2.0.0:
    version "2.1.1"
    resolved "https://registry.yarnpkg.com/orderedmap/-/orderedmap-2.1.1.tgz#61481269c44031c449915497bf5a4ad273c512d2"
    integrity sha512-TvAWxi0nDe1j/rtMcWcIj94+Ffe6n7zhow33h40SKxmsmozs6dz/e+EajymfoFcHd7sxNn8yHM8839uixMOV6g==
  
  parse-node-version@^1.0.1:
    version "1.0.1"
    resolved "https://registry.yarnpkg.com/parse-node-version/-/parse-node-version-1.0.1.tgz#e2b5dbede00e7fa9bc363607f53327e8b073189b"
    integrity sha512-3YHlOa/JgH6Mnpr05jP9eDG254US9ek25LyIxZlDItp2iJtwyaXQb57lBYLdT3MowkUFYEV2XXNAYIPlESvJlA==
  
  path-browserify@^1.0.1:
    version "1.0.1"
    resolved "https://registry.yarnpkg.com/path-browserify/-/path-browserify-1.0.1.tgz#d98454a9c3753d5790860f16f68867b9e46be1fd"
    integrity sha512-b7uo2UCUOYZcnF/3ID0lulOJi/bafxa1xPe7ZPsammBSpjSWQkjNxlt635YGS2MiR9GjvuXCtz2emr3jbsz98g==
  
  perfect-debounce@^1.0.0:
    version "1.0.0"
    resolved "https://registry.yarnpkg.com/perfect-debounce/-/perfect-debounce-1.0.0.tgz#9c2e8bc30b169cc984a58b7d5b28049839591d2a"
    integrity sha512-xCy9V055GLEqoFaHoC1SoLIaLmWctgCUaBaWxDZ7/Zx4CTyX7cJQLJOok/orfjZAh9kEYpjJa4d0KcJmCbctZA==
  
  picocolors@^1.1.1:
    version "1.1.1"
    resolved "https://registry.yarnpkg.com/picocolors/-/picocolors-1.1.1.tgz#3d321af3eab939b083c8f929a1d12cda81c26b6b"
    integrity sha512-xceH2snhtb5M9liqDsmEw56le376mTZkEX/jEb/RxNFyegNul7eNslCXP9FDj/Lcu0X8KEyMceP2ntpaHrDEVA==
  
  pify@^4.0.1:
    version "4.0.1"
    resolved "https://registry.yarnpkg.com/pify/-/pify-4.0.1.tgz#4b2cd25c50d598735c50292224fd8c6df41e3231"
    integrity sha512-uB80kBFb/tfd68bVleG9T5GGsGPjJrLAUpR5PZIrhBnIaRTQRjqdJSsIKkOP6OAIFbj7GOrcudc5pNjZ+geV2g==
  
  pinia@^3.0.1:
    version "3.0.1"
    resolved "https://registry.yarnpkg.com/pinia/-/pinia-3.0.1.tgz#d19f79a04b2b55fd63f78f1395a8c4a714d96941"
    integrity sha512-WXglsDzztOTH6IfcJ99ltYZin2mY8XZCXujkYWVIJlBjqsP6ST7zw+Aarh63E1cDVYeyUcPCxPHzJpEOmzB6Wg==
    dependencies:
      "@vue/devtools-api" "^7.7.2"
  
  postcss@^8.4.27, postcss@^8.4.48:
    version "8.5.3"
    resolved "https://registry.yarnpkg.com/postcss/-/postcss-8.5.3.tgz#1463b6f1c7fb16fe258736cba29a2de35237eafb"
    integrity sha512-dle9A3yYxlBSrt8Fu+IpjGT8SY8hN0mlaA6GY8t0P5PjIOZemULz/E2Bnm/2dcUOena75OTNkHI76uZBNUUq3A==
    dependencies:
      nanoid "^3.3.8"
      picocolors "^1.1.1"
      source-map-js "^1.2.1"
  
  prosemirror-changeset@^2.2.1:
    version "2.2.1"
    resolved "https://registry.yarnpkg.com/prosemirror-changeset/-/prosemirror-changeset-2.2.1.tgz#dae94b63aec618fac7bb9061648e6e2a79988383"
    integrity sha512-J7msc6wbxB4ekDFj+n9gTW/jav/p53kdlivvuppHsrZXCaQdVgRghoZbSS3kwrRyAstRVQ4/+u5k7YfLgkkQvQ==
    dependencies:
      prosemirror-transform "^1.0.0"
  
  prosemirror-collab@^1.3.1:
    version "1.3.1"
    resolved "https://registry.yarnpkg.com/prosemirror-collab/-/prosemirror-collab-1.3.1.tgz#0e8c91e76e009b53457eb3b3051fb68dad029a33"
    integrity sha512-4SnynYR9TTYaQVXd/ieUvsVV4PDMBzrq2xPUWutHivDuOshZXqQ5rGbZM84HEaXKbLdItse7weMGOUdDVcLKEQ==
    dependencies:
      prosemirror-state "^1.0.0"
  
  prosemirror-commands@^1.0.0, prosemirror-commands@^1.6.2:
    version "1.7.1"
    resolved "https://registry.yarnpkg.com/prosemirror-commands/-/prosemirror-commands-1.7.1.tgz#d101fef85618b1be53d5b99ea17bee5600781b38"
    integrity sha512-rT7qZnQtx5c0/y/KlYaGvtG411S97UaL6gdp6RIZ23DLHanMYLyfGBV5DtSnZdthQql7W+lEVbpSfwtO8T+L2w==
    dependencies:
      prosemirror-model "^1.0.0"
      prosemirror-state "^1.0.0"
      prosemirror-transform "^1.10.2"
  
  prosemirror-dropcursor@^1.8.1:
    version "1.8.2"
    resolved "https://registry.yarnpkg.com/prosemirror-dropcursor/-/prosemirror-dropcursor-1.8.2.tgz#2ed30c4796109ddeb1cf7282372b3850528b7228"
    integrity sha512-CCk6Gyx9+Tt2sbYk5NK0nB1ukHi2ryaRgadV/LvyNuO3ena1payM2z6Cg0vO1ebK8cxbzo41ku2DE5Axj1Zuiw==
    dependencies:
      prosemirror-state "^1.0.0"
      prosemirror-transform "^1.1.0"
      prosemirror-view "^1.1.0"
  
  prosemirror-gapcursor@^1.3.2:
    version "1.3.2"
    resolved "https://registry.yarnpkg.com/prosemirror-gapcursor/-/prosemirror-gapcursor-1.3.2.tgz#5fa336b83789c6199a7341c9493587e249215cb4"
    integrity sha512-wtjswVBd2vaQRrnYZaBCbyDqr232Ed4p2QPtRIUK5FuqHYKGWkEwl08oQM4Tw7DOR0FsasARV5uJFvMZWxdNxQ==
    dependencies:
      prosemirror-keymap "^1.0.0"
      prosemirror-model "^1.0.0"
      prosemirror-state "^1.0.0"
      prosemirror-view "^1.0.0"
  
  prosemirror-history@^1.0.0, prosemirror-history@^1.4.1:
    version "1.4.1"
    resolved "https://registry.yarnpkg.com/prosemirror-history/-/prosemirror-history-1.4.1.tgz#cc370a46fb629e83a33946a0e12612e934ab8b98"
    integrity sha512-2JZD8z2JviJrboD9cPuX/Sv/1ChFng+xh2tChQ2X4bB2HeK+rra/bmJ3xGntCcjhOqIzSDG6Id7e8RJ9QPXLEQ==
    dependencies:
      prosemirror-state "^1.2.2"
      prosemirror-transform "^1.0.0"
      prosemirror-view "^1.31.0"
      rope-sequence "^1.3.0"
  
  prosemirror-inputrules@^1.4.0:
    version "1.5.0"
    resolved "https://registry.yarnpkg.com/prosemirror-inputrules/-/prosemirror-inputrules-1.5.0.tgz#e22bfaf1d6ea4fe240ad447c184af3d520d43c37"
    integrity sha512-K0xJRCmt+uSw7xesnHmcn72yBGTbY45vm8gXI4LZXbx2Z0jwh5aF9xrGQgrVPu0WbyFVFF3E/o9VhJYz6SQWnA==
    dependencies:
      prosemirror-state "^1.0.0"
      prosemirror-transform "^1.0.0"
  
  prosemirror-keymap@^1.0.0, prosemirror-keymap@^1.2.2:
    version "1.2.2"
    resolved "https://registry.yarnpkg.com/prosemirror-keymap/-/prosemirror-keymap-1.2.2.tgz#14a54763a29c7b2704f561088ccf3384d14eb77e"
    integrity sha512-EAlXoksqC6Vbocqc0GtzCruZEzYgrn+iiGnNjsJsH4mrnIGex4qbLdWWNza3AW5W36ZRrlBID0eM6bdKH4OStQ==
    dependencies:
      prosemirror-state "^1.0.0"
      w3c-keyname "^2.2.0"
  
  prosemirror-markdown@^1.13.1:
    version "1.13.2"
    resolved "https://registry.yarnpkg.com/prosemirror-markdown/-/prosemirror-markdown-1.13.2.tgz#863eb3fd5f57a444e4378174622b562735b1c503"
    integrity sha512-FPD9rHPdA9fqzNmIIDhhnYQ6WgNoSWX9StUZ8LEKapaXU9i6XgykaHKhp6XMyXlOWetmaFgGDS/nu/w9/vUc5g==
    dependencies:
      "@types/markdown-it" "^14.0.0"
      markdown-it "^14.0.0"
      prosemirror-model "^1.25.0"
  
  prosemirror-menu@^1.2.4:
    version "1.2.5"
    resolved "https://registry.yarnpkg.com/prosemirror-menu/-/prosemirror-menu-1.2.5.tgz#dea00e7b623cea89f4d76963bee22d2ac2343250"
    integrity sha512-qwXzynnpBIeg1D7BAtjOusR+81xCp53j7iWu/IargiRZqRjGIlQuu1f3jFi+ehrHhWMLoyOQTSRx/IWZJqOYtQ==
    dependencies:
      crelt "^1.0.0"
      prosemirror-commands "^1.0.0"
      prosemirror-history "^1.0.0"
      prosemirror-state "^1.0.0"
  
  prosemirror-model@^1.0.0, prosemirror-model@^1.20.0, prosemirror-model@^1.21.0, prosemirror-model@^1.23.0, prosemirror-model@^1.25.0:
    version "1.25.1"
    resolved "https://registry.yarnpkg.com/prosemirror-model/-/prosemirror-model-1.25.1.tgz#aeae9f1ec79fcaa76f6fc619800d91fbcf726870"
    integrity sha512-AUvbm7qqmpZa5d9fPKMvH1Q5bqYQvAZWOGRvxsB6iFLyycvC9MwNemNVjHVrWgjaoxAfY8XVg7DbvQ/qxvI9Eg==
    dependencies:
      orderedmap "^2.0.0"
  
  prosemirror-schema-basic@^1.2.3:
    version "1.2.4"
    resolved "https://registry.yarnpkg.com/prosemirror-schema-basic/-/prosemirror-schema-basic-1.2.4.tgz#389ce1ec09b8a30ea9bbb92c58569cb690c2d695"
    integrity sha512-ELxP4TlX3yr2v5rM7Sb70SqStq5NvI15c0j9j/gjsrO5vaw+fnnpovCLEGIcpeGfifkuqJwl4fon6b+KdrODYQ==
    dependencies:
      prosemirror-model "^1.25.0"
  
  prosemirror-schema-list@^1.4.1:
    version "1.5.1"
    resolved "https://registry.yarnpkg.com/prosemirror-schema-list/-/prosemirror-schema-list-1.5.1.tgz#5869c8f749e8745c394548bb11820b0feb1e32f5"
    integrity sha512-927lFx/uwyQaGwJxLWCZRkjXG0p48KpMj6ueoYiu4JX05GGuGcgzAy62dfiV8eFZftgyBUvLx76RsMe20fJl+Q==
    dependencies:
      prosemirror-model "^1.0.0"
      prosemirror-state "^1.0.0"
      prosemirror-transform "^1.7.3"
  
  prosemirror-state@^1.0.0, prosemirror-state@^1.2.2, prosemirror-state@^1.4.3:
    version "1.4.3"
    resolved "https://registry.yarnpkg.com/prosemirror-state/-/prosemirror-state-1.4.3.tgz#94aecf3ffd54ec37e87aa7179d13508da181a080"
    integrity sha512-goFKORVbvPuAQaXhpbemJFRKJ2aixr+AZMGiquiqKxaucC6hlpHNZHWgz5R7dS4roHiwq9vDctE//CZ++o0W1Q==
    dependencies:
      prosemirror-model "^1.0.0"
      prosemirror-transform "^1.0.0"
      prosemirror-view "^1.27.0"
  
  prosemirror-tables@^1.6.4:
    version "1.7.1"
    resolved "https://registry.yarnpkg.com/prosemirror-tables/-/prosemirror-tables-1.7.1.tgz#df2507f285c6c7563097b4904cb7c4b9e0cd724b"
    integrity sha512-eRQ97Bf+i9Eby99QbyAiyov43iOKgWa7QCGly+lrDt7efZ1v8NWolhXiB43hSDGIXT1UXgbs4KJN3a06FGpr1Q==
    dependencies:
      prosemirror-keymap "^1.2.2"
      prosemirror-model "^1.25.0"
      prosemirror-state "^1.4.3"
      prosemirror-transform "^1.10.3"
      prosemirror-view "^1.39.1"
  
  prosemirror-trailing-node@^3.0.0:
    version "3.0.0"
    resolved "https://registry.yarnpkg.com/prosemirror-trailing-node/-/prosemirror-trailing-node-3.0.0.tgz#5bc223d4fc1e8d9145e4079ec77a932b54e19e04"
    integrity sha512-xiun5/3q0w5eRnGYfNlW1uU9W6x5MoFKWwq/0TIRgt09lv7Hcser2QYV8t4muXbEr+Fwo0geYn79Xs4GKywrRQ==
    dependencies:
      "@remirror/core-constants" "3.0.0"
      escape-string-regexp "^4.0.0"
  
  prosemirror-transform@^1.0.0, prosemirror-transform@^1.1.0, prosemirror-transform@^1.10.2, prosemirror-transform@^1.10.3, prosemirror-transform@^1.7.3:
    version "1.10.4"
    resolved "https://registry.yarnpkg.com/prosemirror-transform/-/prosemirror-transform-1.10.4.tgz#56419eac14f9f56612c806ae46f9238648f3f02e"
    integrity sha512-pwDy22nAnGqNR1feOQKHxoFkkUtepoFAd3r2hbEDsnf4wp57kKA36hXsB3njA9FtONBEwSDnDeCiJe+ItD+ykw==
    dependencies:
      prosemirror-model "^1.21.0"
  
  prosemirror-view@^1.0.0, prosemirror-view@^1.1.0, prosemirror-view@^1.27.0, prosemirror-view@^1.31.0, prosemirror-view@^1.37.0, prosemirror-view@^1.39.1:
    version "1.39.2"
    resolved "https://registry.yarnpkg.com/prosemirror-view/-/prosemirror-view-1.39.2.tgz#178743c9694fec5ed498d48e46d4a31bc1ef0936"
    integrity sha512-BmOkml0QWNob165gyUxXi5K5CVUgVPpqMEAAml/qzgKn9boLUWVPzQ6LtzXw8Cn1GtRQX4ELumPxqtLTDaAKtg==
    dependencies:
      prosemirror-model "^1.20.0"
      prosemirror-state "^1.0.0"
      prosemirror-transform "^1.1.0"
  
  proxy-from-env@^1.1.0:
    version "1.1.0"
    resolved "https://registry.yarnpkg.com/proxy-from-env/-/proxy-from-env-1.1.0.tgz#e102f16ca355424865755d2c9e8ea4f24d58c3e2"
    integrity sha512-D+zkORCbA9f1tdWRK0RaCR3GPv50cMxcrz4X8k5LTSUD1Dkw47mKJEZQNunItRTkWwgtaUSo1RVFRIG9ZXiFYg==
  
  prr@~1.0.1:
    version "1.0.1"
    resolved "https://registry.yarnpkg.com/prr/-/prr-1.0.1.tgz#d3fc114ba06995a45ec6893f484ceb1d78f5f476"
    integrity sha512-yPw4Sng1gWghHQWj0B3ZggWUm4qVbPwPFcRG8KyxiU7J2OHFSoEHKS+EZ3fv5l1t9CyCiop6l/ZYeWbrgoQejw==
  
  punycode.js@^2.3.1:
    version "2.3.1"
    resolved "https://registry.yarnpkg.com/punycode.js/-/punycode.js-2.3.1.tgz#6b53e56ad75588234e79f4affa90972c7dd8cdb7"
    integrity sha512-uxFIHU0YlHYhDQtV4R9J6a52SLx28BCjT+4ieh7IGbgwVJWO+km431c4yRlREUAsAmt/uMjQUyQHNEPf0M39CA==
  
  qs@^6.14.0:
    version "6.14.0"
    resolved "https://registry.yarnpkg.com/qs/-/qs-6.14.0.tgz#c63fa40680d2c5c941412a0e899c89af60c0a930"
    integrity sha512-YWWTjgABSKcvs/nWBi9PycY/JiPJqOD4JA6o9Sej2AtvSGarXxKC3OQSk4pAarbdQlKAh5D4FCQkJNkW+GAn3w==
    dependencies:
      side-channel "^1.1.0"
  
  rfdc@^1.4.1:
    version "1.4.1"
    resolved "https://registry.yarnpkg.com/rfdc/-/rfdc-1.4.1.tgz#778f76c4fb731d93414e8f925fbecf64cce7f6ca"
    integrity sha512-q1b3N5QkRUWUl7iyylaaj3kOpIT0N2i9MqIEQXP73GVsN9cw3fdx8X63cEmWhJGi2PPCF23Ijp7ktmd39rawIA==
  
  rollup@^3.27.1:
    version "3.29.5"
    resolved "https://registry.yarnpkg.com/rollup/-/rollup-3.29.5.tgz#8a2e477a758b520fb78daf04bca4c522c1da8a54"
    integrity sha512-GVsDdsbJzzy4S/v3dqWPJ7EfvZJfCHiDqe80IyrF59LYuP+e6U1LJoUqeuqRbwAWoMNoXivMNeNAOf5E22VA1w==
    optionalDependencies:
      fsevents "~2.3.2"
  
  rope-sequence@^1.3.0:
    version "1.3.4"
    resolved "https://registry.yarnpkg.com/rope-sequence/-/rope-sequence-1.3.4.tgz#df85711aaecd32f1e756f76e43a415171235d425"
    integrity sha512-UT5EDe2cu2E/6O4igUr5PSFs23nvvukicWHx6GnOPlHAiiYbzNuCRQCuiUdHJQcqKalLKlrYJnjY0ySGsXNQXQ==
  
  "safer-buffer@>= 2.1.2 < 3.0.0":
    version "2.1.2"
    resolved "https://registry.yarnpkg.com/safer-buffer/-/safer-buffer-2.1.2.tgz#44fa161b0187b9549dd84bb91802f9bd8385cd6a"
    integrity sha512-YZo3K82SD7Riyi0E1EQPojLz7kpepnSQI9IyPbHHg1XXXevb5dJI7tpyN2ADxGcQbHG7vcyRHk0cbwqcQriUtg==
  
  sax@^1.2.4:
    version "1.4.1"
    resolved "https://registry.yarnpkg.com/sax/-/sax-1.4.1.tgz#44cc8988377f126304d3b3fc1010c733b929ef0f"
    integrity sha512-+aWOz7yVScEGoKNd4PA10LZ8sk0A/z5+nXQG5giUO5rprX9jgYsTdov9qCchZiPIZezbZH+jRut8nPodFAX4Jg==
  
  semver@^5.6.0:
    version "5.7.2"
    resolved "https://registry.yarnpkg.com/semver/-/semver-5.7.2.tgz#48d55db737c3287cd4835e17fa13feace1c41ef8"
    integrity sha512-cBznnQ9KjJqU67B52RMC65CMarK2600WFnbkcaiwWq3xy/5haFJlshgnpjovMVJ+Hff49d8GEn0b87C5pDQ10g==
  
  side-channel-list@^1.0.0:
    version "1.0.0"
    resolved "https://registry.yarnpkg.com/side-channel-list/-/side-channel-list-1.0.0.tgz#10cb5984263115d3b7a0e336591e290a830af8ad"
    integrity sha512-FCLHtRD/gnpCiCHEiJLOwdmFP+wzCmDEkc9y7NsYxeF4u7Btsn1ZuwgwJGxImImHicJArLP4R0yX4c2KCrMrTA==
    dependencies:
      es-errors "^1.3.0"
      object-inspect "^1.13.3"
  
  side-channel-map@^1.0.1:
    version "1.0.1"
    resolved "https://registry.yarnpkg.com/side-channel-map/-/side-channel-map-1.0.1.tgz#d6bb6b37902c6fef5174e5f533fab4c732a26f42"
    integrity sha512-VCjCNfgMsby3tTdo02nbjtM/ewra6jPHmpThenkTYh8pG9ucZ/1P8So4u4FGBek/BjpOVsDCMoLA/iuBKIFXRA==
    dependencies:
      call-bound "^1.0.2"
      es-errors "^1.3.0"
      get-intrinsic "^1.2.5"
      object-inspect "^1.13.3"
  
  side-channel-weakmap@^1.0.2:
    version "1.0.2"
    resolved "https://registry.yarnpkg.com/side-channel-weakmap/-/side-channel-weakmap-1.0.2.tgz#11dda19d5368e40ce9ec2bdc1fb0ecbc0790ecea"
    integrity sha512-WPS/HvHQTYnHisLo9McqBHOJk2FkHO/tlpvldyrnem4aeQp4hai3gythswg6p01oSoTl58rcpiFAjF2br2Ak2A==
    dependencies:
      call-bound "^1.0.2"
      es-errors "^1.3.0"
      get-intrinsic "^1.2.5"
      object-inspect "^1.13.3"
      side-channel-map "^1.0.1"
  
  side-channel@^1.1.0:
    version "1.1.0"
    resolved "https://registry.yarnpkg.com/side-channel/-/side-channel-1.1.0.tgz#c3fcff9c4da932784873335ec9765fa94ff66bc9"
    integrity sha512-ZX99e6tRweoUXqR+VBrslhda51Nh5MTQwou5tnUDgbtyM0dBgmhEDtWGP/xbKn6hqfPRHujUNwz5fy/wbbhnpw==
    dependencies:
      es-errors "^1.3.0"
      object-inspect "^1.13.3"
      side-channel-list "^1.0.0"
      side-channel-map "^1.0.1"
      side-channel-weakmap "^1.0.2"
  
  simple-line-icons@^2.5.5:
    version "2.5.5"
    resolved "https://registry.yarnpkg.com/simple-line-icons/-/simple-line-icons-2.5.5.tgz#32ea1babd842a28cc1764537ba5535e0b8f42be7"
    integrity sha512-v52iGG/qFZTSD/70yOfA1lYoN6zmjEfDjzFT6U6jNSCsh/aeVjy+8sYyTXWz1w7tLIkN2XeMmG+cLJp/0zYK4Q==
    dependencies:
      less "^3.12.2"
  
  source-map-js@^1.2.0, source-map-js@^1.2.1:
    version "1.2.1"
    resolved "https://registry.yarnpkg.com/source-map-js/-/source-map-js-1.2.1.tgz#1ce5650fddd87abc099eda37dcff024c2667ae46"
    integrity sha512-UXWMKhLOwVKb728IUtQPXxfYU+usdybtUrK/8uGE8CQMvrhOpwvzDBwj0QhSL7MQc7vIsISBG8VQ8+IDQxpfQA==
  
  source-map@~0.6.0:
    version "0.6.1"
    resolved "https://registry.yarnpkg.com/source-map/-/source-map-0.6.1.tgz#74722af32e9614e9c287a8d0bbde48b5e2f1a263"
    integrity sha512-UjgapumWlbMhkBgzT7Ykc5YXUT46F0iKu8SGXq0bcwP5dz/h0Plj6enJqjz1Zbq2l5WaqYnrVbwWOWMyF3F47g==
  
  speakingurl@^14.0.1:
    version "14.0.1"
    resolved "https://registry.yarnpkg.com/speakingurl/-/speakingurl-14.0.1.tgz#f37ec8ddc4ab98e9600c1c9ec324a8c48d772a53"
    integrity sha512-1POYv7uv2gXoyGFpBCmpDVSNV74IfsWlDW216UPjbWufNf+bSU6GdbDsxdcxtfwb4xlI3yxzOTKClUosxARYrQ==
  
  superjson@^2.2.1:
    version "2.2.2"
    resolved "https://registry.yarnpkg.com/superjson/-/superjson-2.2.2.tgz#9d52bf0bf6b5751a3c3472f1292e714782ba3173"
    integrity sha512-5JRxVqC8I8NuOUjzBbvVJAKNM8qoVuH0O77h4WInc/qC2q5IreqKxYwgkga3PfA22OayK2ikceb/B26dztPl+Q==
    dependencies:
      copy-anything "^3.0.2"
  
  tippy.js@^6.3.7:
    version "6.3.7"
    resolved "https://registry.yarnpkg.com/tippy.js/-/tippy.js-6.3.7.tgz#8ccfb651d642010ed9a32ff29b0e9e19c5b8c61c"
    integrity sha512-E1d3oP2emgJ9dRQZdf3Kkn0qJgI6ZLpyS5z6ZkY1DF3kaQaBsGZsndEpHwx+eC+tYM41HaSNvNtLx8tU57FzTQ==
    dependencies:
      "@popperjs/core" "^2.9.0"
  
  tslib@^1.10.0:
    version "1.14.1"
    resolved "https://registry.yarnpkg.com/tslib/-/tslib-1.14.1.tgz#cf2d38bdc34a134bcaf1091c41f6619e2f672d00"
    integrity sha512-Xni35NKzjgMrwevysHTCArtLDpPvye8zV/0E4EyYn43P7/7qvQwPh9BGkHewbMulVntbigmcT7rdX3BNo9wRJg==
  
  tslib@^2.3.0:
    version "2.8.1"
    resolved "https://registry.yarnpkg.com/tslib/-/tslib-2.8.1.tgz#612efe4ed235d567e8aba5f2a5fab70280ade83f"
    integrity sha512-oJFu94HQb+KVduSUQL7wnpmqnfmLsOA/nAh6b6EH0wCEoK0/mPeXU6c3wKDV83MkOuHPRHtSXKKU99IBazS/2w==
  
  type-fest@^4.38.0:
    version "4.38.0"
    resolved "https://registry.yarnpkg.com/type-fest/-/type-fest-4.38.0.tgz#659fa14d1a71c2811400aa3b5272627e0c1e6b96"
    integrity sha512-2dBz5D5ycHIoliLYLi0Q2V7KRaDlH0uWIvmk7TYlAg5slqwiPv1ezJdZm1QEM0xgk29oYWMCbIG7E6gHpvChlg==
  
  typescript@~5.7.2:
    version "5.7.3"
    resolved "https://registry.yarnpkg.com/typescript/-/typescript-5.7.3.tgz#919b44a7dbb8583a9b856d162be24a54bf80073e"
    integrity sha512-84MVSjMEHP+FQRPy3pX9sTVV/INIex71s9TL2Gm5FG/WG1SqXeKyZ0k7/blY/4FdOzI12CBy1vGc4og/eus0fw==
  
  uc.micro@^2.0.0, uc.micro@^2.1.0:
    version "2.1.0"
    resolved "https://registry.yarnpkg.com/uc.micro/-/uc.micro-2.1.0.tgz#f8d3f7d0ec4c3dea35a7e3c8efa4cb8b45c9e7ee"
    integrity sha512-ARDJmphmdvUk6Glw7y9DQ2bFkKBHwQHLi2lsaH6PPmz/Ka9sFOBsBluozhDltWmnv9u/cF6Rt87znRTPV+yp/A==
  
  undici-types@~6.20.0:
    version "6.20.0"
    resolved "https://registry.yarnpkg.com/undici-types/-/undici-types-6.20.0.tgz#8171bf22c1f588d1554d55bf204bc624af388433"
    integrity sha512-Ny6QZ2Nju20vw1SRHe3d9jVu6gJ+4e3+MMpqu7pqE5HT6WsTSlce++GQmK5UXS8mzV8DSYHrQH+Xrf2jVcuKNg==
  
  vite@^4.5.13:
    version "4.5.14"
    resolved "https://registry.yarnpkg.com/vite/-/vite-4.5.14.tgz#2e652bc1d898265d987d6543ce866ecd65fa4086"
    integrity sha512-+v57oAaoYNnO3hIu5Z/tJRZjq5aHM2zDve9YZ8HngVHbhk66RStobhb1sqPMIPEleV6cNKYK4eGrAbE9Ulbl2g==
    dependencies:
      esbuild "^0.18.10"
      postcss "^8.4.27"
      rollup "^3.27.1"
    optionalDependencies:
      fsevents "~2.3.2"
  
  vscode-uri@^3.0.8:
    version "3.1.0"
    resolved "https://registry.yarnpkg.com/vscode-uri/-/vscode-uri-3.1.0.tgz#dd09ec5a66a38b5c3fffc774015713496d14e09c"
    integrity sha512-/BpdSx+yCQGnCvecbyXdxHDkuk55/G3xwnC0GqY4gmQ3j+A+g8kzzgB4Nk/SINjqn6+waqw3EgbVF2QKExkRxQ==
  
  vue-draggable-plus@^0.6.0:
    version "0.6.0"
    resolved "https://registry.yarnpkg.com/vue-draggable-plus/-/vue-draggable-plus-0.6.0.tgz#e4da6917e94ca73402f34113073f44771691fa5e"
    integrity sha512-G5TSfHrt9tX9EjdG49InoFJbt2NYk0h3kgjgKxkFWr3ulIUays0oFObr5KZ8qzD4+QnhtALiRwIqY6qul4egqw==
    dependencies:
      "@types/sortablejs" "^1.15.8"
  
  vue-router@^4.5.0:
    version "4.5.0"
    resolved "https://registry.yarnpkg.com/vue-router/-/vue-router-4.5.0.tgz#58fc5fe374e10b6018f910328f756c3dae081f14"
    integrity sha512-HDuk+PuH5monfNuY+ct49mNmkCRK4xJAV9Ts4z9UFc4rzdDnxQLyCMGGc8pKhZhHTVzfanpNwB/lwqevcBwI4w==
    dependencies:
      "@vue/devtools-api" "^6.6.4"
  
  vue-tsc@^2.2.4:
    version "2.2.8"
    resolved "https://registry.yarnpkg.com/vue-tsc/-/vue-tsc-2.2.8.tgz#7c8e1bd9333d25241a7f9988eedf08c65483158c"
    integrity sha512-jBYKBNFADTN+L+MdesNX/TB3XuDSyaWynKMDgR+yCSln0GQ9Tfb7JS2lr46s2LiFUT1WsmfWsSvIElyxzOPqcQ==
    dependencies:
      "@volar/typescript" "~2.4.11"
      "@vue/language-core" "2.2.8"
  
  vue@^3.5.13:
    version "3.5.13"
    resolved "https://registry.yarnpkg.com/vue/-/vue-3.5.13.tgz#9f760a1a982b09c0c04a867903fc339c9f29ec0a"
    integrity sha512-wmeiSMxkZCSc+PM2w2VRsOYAZC8GdipNFRTsLSfodVqI9mbejKeXEGr8SckuLnrQPGe3oJN5c3K0vpoU9q/wCQ==
    dependencies:
      "@vue/compiler-dom" "3.5.13"
      "@vue/compiler-sfc" "3.5.13"
      "@vue/runtime-dom" "3.5.13"
      "@vue/server-renderer" "3.5.13"
      "@vue/shared" "3.5.13"
  
  w3c-keyname@^2.2.0:
    version "2.2.8"
    resolved "https://registry.yarnpkg.com/w3c-keyname/-/w3c-keyname-2.2.8.tgz#7b17c8c6883d4e8b86ac8aba79d39e880f8869c5"
    integrity sha512-dpojBhNsCNN7T82Tm7k26A6G9ML3NkhDsnw9n/eoxSRlVBB4CEtIQ/KTCLI2Fwf3ataSXRhYFkQi3SlnFwPvPQ==
